! Prophet results
RUN, TERM_BASE_2026Q2
PRODUCT, TERM_UK
RUN_DATE, 30/06/2026
TIME_UNITS, YEARS
NUM_PERIODS, 40
POL_NUM,PERIOD,MORT_RATE,LAPSE_RATE,POLS_IF,DEATHS,SURRENDERS,PREM_INC,DTH_CLAIM,EXPENSE,NET_CF,RESERVE,RESERVE_INT
UK00001,1,0.0003552360,0.1450000000,1.0000000000,0.0003552360,0.1449484908,75.75,17.76,48.00,9.99,221.02,7.74
UK00001,2,0.0003678465,0.0980000000,0.8546962732,0.0003143970,0.0837294239,64.74,15.72,42.17,6.85,239.10,8.37
UK00001,3,0.0003817380,0.0720000000,0.7706524523,0.0002941873,0.0554657951,58.38,14.71,39.09,4.58,254.55,8.91
UK00001,4,0.0003970365,0.0580000000,0.7148924699,0.0002838384,0.0414473006,54.15,14.19,37.28,2.68,268.20,9.39
UK00001,5,0.0004138890,0.0500000000,0.6731613309,0.0002786141,0.0336441358,50.99,13.93,36.09,0.98,280.36,9.81
UK00001,6,0.0004324530,0.0460000000,0.6392385810,0.0002764406,0.0293922585,48.42,13.82,35.23,-0.63,291.18,10.19
UK00001,7,0.0004528965,0.0430000000,0.6095698819,0.0002760721,0.0261996338,46.17,13.80,34.53,-2.16,300.73,10.53
UK00001,8,0.0004754190,0.0410000000,0.5830941760,0.0002772141,0.0238954954,44.17,13.86,33.96,-3.65,309.02,10.82
UK00001,9,0.0005002305,0.0400000000,0.5589214665,0.0002795896,0.0223456751,42.34,13.98,33.46,-5.10,316.06,11.06
UK00001,10,0.0005275515,0.0400000000,0.5362962019,0.0002829239,0.0214405311,40.62,14.15,33.01,-6.53,321.84,11.26
UK00001,11,0.0005576550,0.0400000000,0.5145727469,0.0002869541,0.0205714317,38.98,14.35,32.56,-7.92,326.35,11.42
UK00001,12,0.0005908140,0.0400000000,0.4937143611,0.0002916934,0.0197369067,37.40,14.58,32.11,-9.30,329.57,11.53
UK00001,13,0.0006273330,0.0400000000,0.4736857610,0.0002971587,0.0189355441,35.88,14.86,31.67,-10.65,331.48,11.60
UK00001,14,0.0006675585,0.0400000000,0.4544530582,0.0003033740,0.0181659874,34.42,15.17,31.23,-11.98,332.06,11.62
UK00001,15,0.0007118685,0.0400000000,0.4359836969,0.0003103631,0.0174269334,33.03,15.52,30.80,-13.30,331.29,11.60
UK00001,16,0.0007606830,0.0400000000,0.4182464004,0.0003181529,0.0167171299,31.68,15.91,30.38,-14.60,329.12,11.52
UK00001,17,0.0008144430,0.0400000000,0.4012111176,0.0003267636,0.0160353742,30.39,16.34,29.96,-15.90,325.52,11.39
UK00001,18,0.0008736630,0.0400000000,0.3848489799,0.0003362283,0.0153805101,29.15,16.81,29.54,-17.20,320.46,11.22
UK00001,19,0.0009388890,0.0400000000,0.3691322415,0.0003465742,0.0147514267,27.96,17.33,29.13,-18.49,313.87,10.99
UK00001,20,0.0010107405,0.0400000000,0.3540342406,0.0003578367,0.0141470562,26.82,17.89,28.72,-19.79,305.72,10.70
UK00001,21,0.0010898895,0.0400000000,0.3395293477,0.0003700495,0.0135663719,25.72,18.50,28.31,-21.10,295.93,10.36
UK00001,22,0.0011770710,0.0400000000,0.3255929263,0.0003832460,0.0130083872,24.66,19.16,27.91,-22.41,284.45,9.96
UK00001,23,0.0012730935,0.0400000000,0.3122012931,0.0003974614,0.0124721533,23.65,19.87,27.51,-23.74,271.22,9.49
UK00001,24,0.0013788600,0.0400000000,0.2993316784,0.0004127365,0.0119567577,22.67,20.64,27.12,-25.08,256.14,8.96
UK00001,25,0.0014953680,0.0400000000,0.2869621842,0.0004291141,0.0114613228,21.74,21.46,26.72,-26.44,239.15,8.37
UK00001,26,0.0016237095,0.0400000000,0.0000000000,0.0000000000,0.0000000000,0.00,0.00,0.00,0.00,220.15,7.71
UK00001,27,0.0017650605,0.0400000000,0.0000000000,0.0000000000,0.0000000000,0.00,0.00,0.00,0.00,0.00,0.00
UK00001,28,0.0019207755,0.0400000000,0.0000000000,0.0000000000,0.0000000000,0.00,0.00,0.00,0.00,0.00,0.00
UK00001,29,0.0020922825,0.0400000000,0.0000000000,0.0000000000,0.0000000000,0.00,0.00,0.00,0.00,0.00,0.00
UK00001,30,0.0022812090,0.0400000000,0.0000000000,0.0000000000,0.0000000000,0.00,0.00,0.00,0.00,0.00,0.00
UK00001,31,0.0024892980,0.0400000000,0.0000000000,0.0000000000,0.0000000000,0.00,0.00,0.00,0.00,0.00,0.00
UK00001,32,0.0027185235,0.0400000000,0.0000000000,0.0000000000,0.0000000000,0.00,0.00,0.00,0.00,0.00,0.00
UK00001,33,0.0029710065,0.0400000000,0.0000000000,0.0000000000,0.0000000000,0.00,0.00,0.00,0.00,0.00,0.00
UK00001,34,0.0032491095,0.0400000000,0.0000000000,0.0000000000,0.0000000000,0.00,0.00,0.00,0.00,0.00,0.00
UK00001,35,0.0035554470,0.0400000000,0.0000000000,0.0000000000,0.0000000000,0.00,0.00,0.00,0.00,0.00,0.00
UK00001,36,0.0038928855,0.0400000000,0.0000000000,0.0000000000,0.0000000000,0.00,0.00,0.00,0.00,0.00,0.00
UK00001,37,0.0042645645,0.0400000000,0.0000000000,0.0000000000,0.0000000000,0.00,0.00,0.00,0.00,0.00,0.00
UK00001,38,0.0046739700,0.0400000000,0.0000000000,0.0000000000,0.0000000000,0.00,0.00,0.00,0.00,0.00,0.00
UK00001,39,0.0051249345,0.0400000000,0.0000000000,0.0000000000,0.0000000000,0.00,0.00,0.00,0.00,0.00,0.00
UK00001,40,0.0056216685,0.0400000000,0.0000000000,0.0000000000,0.0000000000,0.00,0.00,0.00,0.00,0.00,0.00
UK00001,41,0.0061688130,0.0400000000,0.0000000000,0.0000000000,0.0000000000,0.00,0.00,0.00,0.00,0.00,0.00
UK00002,1,0.0007459935,0.1450000000,1.0000000000,0.0007459935,0.1448918309,148.30,55.95,60.00,32.35,331.92,11.62
UK00002,2,0.0007724745,0.0980000000,0.8543621756,0.0006599730,0.0836628159,126.70,49.50,52.70,24.51,377.02,13.20
UK00002,3,0.0008016435,0.0720000000,0.7700393867,0.0006172971,0.0553983905,114.20,46.30,48.83,19.07,415.58,14.55
UK00002,4,0.0008337735,0.0580000000,0.7140236992,0.0005953340,0.0413788452,105.89,44.65,46.54,14.70,449.86,15.75
UK00002,5,0.0008691690,0.0500000000,0.6720495200,0.0005841246,0.0335732698,99.66,43.81,45.03,10.82,480.82,16.83
UK00002,6,0.0009081450,0.0460000000,0.6378921256,0.0005792985,0.0293163900,94.60,43.45,43.94,7.21,508.85,17.81
UK00002,7,0.0009510900,0.0430000000,0.6079964370,0.0005782593,0.0261189816,90.17,43.37,43.05,3.74,534.13,18.69
UK00002,8,0.0009983820,0.0410000000,0.5812991960,0.0005803587,0.0238094723,86.21,43.53,42.32,0.36,556.69,19.48
UK00002,9,0.0010504830,0.0400000000,0.5569093650,0.0005850238,0.0222529736,82.59,43.88,41.68,-2.96,576.55,20.18
UK00002,10,0.0011078655,0.0400000000,0.5340713676,0.0005916792,0.0213391875,79.20,44.38,41.09,-6.26,593.67,20.78
UK00002,11,0.0011710755,0.0400000000,0.5121405008,0.0005997552,0.0204616298,75.95,44.98,40.50,-9.53,607.97,21.28
UK00002,12,0.0012407115,0.0400000000,0.4910791158,0.0006092875,0.0196187931,72.83,45.70,39.92,-12.79,619.38,21.68
UK00002,13,0.0013174035,0.0400000000,0.4708510351,0.0006203008,0.0188092294,69.83,46.52,39.35,-16.05,627.82,21.97
UK00002,14,0.0014018760,0.0400000000,0.4514215050,0.0006328370,0.0180315467,66.95,47.46,38.78,-19.30,633.18,22.16
UK00002,15,0.0014949270,0.0400000000,0.4327571213,0.0006469403,0.0172844072,64.18,48.52,38.22,-22.56,635.37,22.24
UK00002,16,0.0015974280,0.0400000000,0.4148257737,0.0006626543,0.0165665248,61.52,49.70,37.66,-25.84,634.25,22.20
UK00002,17,0.0017103345,0.0400000000,0.3975965947,0.0006800232,0.0158766629,58.96,51.00,37.11,-29.15,629.71,22.04
UK00002,18,0.0018346965,0.0400000000,0.3810399086,0.0006990926,0.0152136326,56.51,52.43,36.56,-32.48,621.58,21.76
UK00002,19,0.0019716795,0.0400000000,0.3651271834,0.0007199138,0.0145762908,54.15,53.99,36.01,-35.86,609.71,21.34
UK00002,20,0.0021225645,0.0400000000,0.3498309788,0.0007425388,0.0139635376,51.88,55.69,35.47,-39.28,593.94,20.79
UK00002,21,0.0022887690,0.0400000000,0.3351249024,0.0007670235,0.0133743152,49.70,57.53,34.93,-42.76,574.07,20.09
UK00002,22,0.0024718365,0.0400000000,0.3209835638,0.0007934189,0.0128076058,47.60,59.51,34.39,-46.30,549.91,19.25
UK00002,23,0.0026734890,0.0400000000,0.3073825391,0.0008217838,0.0122624302,45.58,61.63,33.86,-49.91,521.23,18.24
UK00002,24,0.0028956165,0.0400000000,0.2942983250,0.0008521751,0.0117378460,43.64,63.91,33.33,-53.59,487.82,17.07
UK00002,25,0.0031402770,0.0400000000,0.2817083039,0.0008846421,0.0112329465,41.78,66.35,32.79,-57.36,449.42,15.73
UK00002,26,0.0034097805,0.0400000000,0.0000000000,0.0000000000,0.0000000000,0.00,0.00,0.00,0.00,405.78,14.20
UK00002,27,0.0037066365,0.0400000000,0.0000000000,0.0000000000,0.0000000000,0.00,0.00,0.00,0.00,0.00,0.00
UK00002,28,0.0040336275,0.0400000000,0.0000000000,0.0000000000,0.0000000000,0.00,0.00,0.00,0.00,0.00,0.00
UK00002,29,0.0043937985,0.0400000000,0.0000000000,0.0000000000,0.0000000000,0.00,0.00,0.00,0.00,0.00,0.00
UK00002,30,0.0047905305,0.0400000000,0.0000000000,0.0000000000,0.0000000000,0.00,0.00,0.00,0.00,0.00,0.00
UK00002,31,0.0052275300,0.0400000000,0.0000000000,0.0000000000,0.0000000000,0.00,0.00,0.00,0.00,0.00,0.00
UK00002,32,0.0057088920,0.0400000000,0.0000000000,0.0000000000,0.0000000000,0.00,0.00,0.00,0.00,0.00,0.00
UK00002,33,0.0062391000,0.0400000000,0.0000000000,0.0000000000,0.0000000000,0.00,0.00,0.00,0.00,0.00,0.00
UK00002,34,0.0068231310,0.0400000000,0.0000000000,0.0000000000,0.0000000000,0.00,0.00,0.00,0.00,0.00,0.00
UK00002,35,0.0074664450,0.0400000000,0.0000000000,0.0000000000,0.0000000000,0.00,0.00,0.00,0.00,0.00,0.00
UK00002,36,0.0081750480,0.0400000000,0.0000000000,0.0000000000,0.0000000000,0.00,0.00,0.00,0.00,0.00,0.00
UK00002,37,0.0089555865,0.0400000000,0.0000000000,0.0000000000,0.0000000000,0.00,0.00,0.00,0.00,0.00,0.00
UK00002,38,0.0098153370,0.0400000000,0.0000000000,0.0000000000,0.0000000000,0.00,0.00,0.00,0.00,0.00,0.00
UK00002,39,0.0107623530,0.0400000000,0.0000000000,0.0000000000,0.0000000000,0.00,0.00,0.00,0.00,0.00,0.00
UK00002,40,0.0118054965,0.0400000000,0.0000000000,0.0000000000,0.0000000000,0.00,0.00,0.00,0.00,0.00,0.00
UK00002,41,0.0129545220,0.0400000000,0.0000000000,0.0000000000,0.0000000000,0.00,0.00,0.00,0.00,0.00,0.00
UK00003,1,0.0002557695,0.1450000000,1.0000000000,0.0002557695,0.1449629134,90.60,25.58,40.80,24.22,128.61,4.50
UK00003,2,0.0002648520,0.0980000000,0.8547813171,0.0002263905,0.0837463828,77.44,22.64,35.85,18.95,158.18,5.54
UK00003,3,0.0002748480,0.0720000000,0.7708085437,0.0002118552,0.0554829616,69.84,21.19,33.23,15.41,183.33,6.42
UK00003,4,0.0002858625,0.0580000000,0.7151137270,0.0002044242,0.0414647396,64.79,20.44,31.70,12.65,205.70,7.20
UK00003,5,0.0002980005,0.0500000000,0.6734445632,0.0002006868,0.0336621938,61.01,20.07,30.69,10.26,226.00,7.91
UK00003,6,0.0003113670,0.0460000000,0.6395816826,0.0001991446,0.0294115967,57.95,19.91,29.96,8.07,244.52,8.56
UK00003,7,0.0003260880,0.0430000000,0.6099709412,0.0001989042,0.0262201976,55.26,19.89,29.37,6.00,261.44,9.15
UK00003,8,0.0003423000,0.0410000000,0.5835518394,0.0001997498,0.0239174357,52.87,19.97,28.89,4.01,276.80,9.69
UK00003,9,0.0003601605,0.0400000000,0.5594346539,0.0002014863,0.0223693267,50.68,20.15,28.47,2.07,290.64,10.17
UK00003,10,0.0003798375,0.0400000000,0.5368638410,0.0002039210,0.0214663968,48.64,20.39,28.08,0.16,302.95,10.60
UK00003,11,0.0004015095,0.0400000000,0.5151935232,0.0002068551,0.0205994667,46.68,20.69,27.71,-1.71,313.72,10.98
UK00003,12,0.0004253865,0.0400000000,0.4943872013,0.0002103056,0.0197670758,44.79,21.03,27.33,-3.57,322.93,11.30
UK00003,13,0.0004516785,0.0400000000,0.4744098199,0.0002142807,0.0189678216,42.98,21.43,26.96,-5.41,330.54,11.57
UK00003,14,0.0004806480,0.0400000000,0.4552277176,0.0002188043,0.0182003565,41.24,21.88,26.59,-7.23,336.51,11.78
UK00003,15,0.0005125470,0.0400000000,0.4368085568,0.0002238849,0.0174633869,39.57,22.39,26.23,-9.05,340.80,11.93
UK00003,16,0.0005476905,0.0400000000,0.4191212850,0.0002295487,0.0167556694,37.97,22.95,25.88,-10.86,343.37,12.02
UK00003,17,0.0005864040,0.0400000000,0.4021360668,0.0002358142,0.0160760101,36.43,23.58,25.52,-12.67,344.14,12.05
UK00003,18,0.0006290340,0.0400000000,0.3858242425,0.0002426966,0.0154232618,34.96,24.27,25.17,-14.49,343.08,12.01
UK00003,19,0.0006760005,0.0400000000,0.3701582841,0.0002502272,0.0147963223,33.54,25.02,24.83,-16.31,340.09,11.90
UK00003,20,0.0007277340,0.0400000000,0.3551117346,0.0002584269,0.0141941323,32.17,25.84,24.48,-18.15,335.11,11.73
UK00003,21,0.0007847175,0.0400000000,0.3406591754,0.0002673212,0.0136156742,30.86,26.73,24.15,-20.01,328.05,11.48
UK00003,22,0.0008474865,0.0400000000,0.3267761800,0.0002769384,0.0130599697,29.61,27.69,23.81,-21.90,318.81,11.16
UK00003,23,0.0009166290,0.0400000000,0.3134392720,0.0002873075,0.0125260786,28.40,28.73,23.48,-23.81,307.31,10.76
UK00003,24,0.0009927855,0.0400000000,0.3006258859,0.0002984570,0.0120130972,27.24,29.85,23.15,-25.76,293.42,10.27
UK00003,25,0.0010766700,0.0400000000,0.2883143317,0.0003104194,0.0115201565,26.12,31.04,22.82,-27.74,277.03,9.70
UK00003,26,0.0011690700,0.0400000000,0.0000000000,0.0000000000,0.0000000000,0.00,0.00,0.00,0.00,258.01,9.03
UK00003,27,0.0012708465,0.0400000000,0.0000000000,0.0000000000,0.0000000000,0.00,0.00,0.00,0.00,0.00,0.00
UK00003,28,0.0013829550,0.0400000000,0.0000000000,0.0000000000,0.0000000000,0.00,0.00,0.00,0.00,0.00,0.00
UK00003,29,0.0015064455,0.0400000000,0.0000000000,0.0000000000,0.0000000000,0.00,0.00,0.00,0.00,0.00,0.00
UK00003,30,0.0016424730,0.0400000000,0.0000000000,0.0000000000,0.0000000000,0.00,0.00,0.00,0.00,0.00,0.00
UK00003,31,0.0017922975,0.0400000000,0.0000000000,0.0000000000,0.0000000000,0.00,0.00,0.00,0.00,0.00,0.00
UK00003,32,0.0019573365,0.0400000000,0.0000000000,0.0000000000,0.0000000000,0.00,0.00,0.00,0.00,0.00,0.00
UK00003,33,0.0021391230,0.0400000000,0.0000000000,0.0000000000,0.0000000000,0.00,0.00,0.00,0.00,0.00,0.00
UK00003,34,0.0023393580,0.0400000000,0.0000000000,0.0000000000,0.0000000000,0.00,0.00,0.00,0.00,0.00,0.00
UK00003,35,0.0025599210,0.0400000000,0.0000000000,0.0000000000,0.0000000000,0.00,0.00,0.00,0.00,0.00,0.00
UK00003,36,0.0028028700,0.0400000000,0.0000000000,0.0000000000,0.0000000000,0.00,0.00,0.00,0.00,0.00,0.00
UK00003,37,0.0030704835,0.0400000000,0.0000000000,0.0000000000,0.0000000000,0.00,0.00,0.00,0.00,0.00,0.00
UK00003,38,0.0033652605,0.0400000000,0.0000000000,0.0000000000,0.0000000000,0.00,0.00,0.00,0.00,0.00,0.00
UK00003,39,0.0036899520,0.0400000000,0.0000000000,0.0000000000,0.0000000000,0.00,0.00,0.00,0.00,0.00,0.00
UK00003,40,0.0040476030,0.0400000000,0.0000000000,0.0000000000,0.0000000000,0.00,0.00,0.00,0.00,0.00,0.00
UK00003,41,0.0044415525,0.0400000000,0.0000000000,0.0000000000,0.0000000000,0.00,0.00,0.00,0.00,0.00,0.00
UK00004,1,0.0005371170,0.1450000000,1.0000000000,0.0005371170,0.1449221180,169.57,67.14,48.00,54.43,180.58,6.32
UK00004,2,0.0005561850,0.0980000000,0.8545407650,0.0004752828,0.0836984173,144.90,59.41,42.17,43.33,243.23,8.51
UK00004,3,0.0005771850,0.0720000000,0.7703670650,0.0004446443,0.0554344143,130.63,55.58,39.08,35.97,296.59,10.38
UK00004,4,0.0006003165,0.0580000000,0.7144880064,0.0004289189,0.0414154271,121.16,53.61,37.26,30.28,344.20,12.05
UK00004,5,0.0006258000,0.0500000000,0.6726436603,0.0004209404,0.0336111360,114.06,52.62,36.06,25.38,387.59,13.57
UK00004,6,0.0006538665,0.0460000000,0.6386115839,0.0004175667,0.0293569248,108.29,52.20,35.19,20.90,427.43,14.96
UK00004,7,0.0006847785,0.0430000000,0.6088370924,0.0004169186,0.0261620675,103.24,52.11,34.49,16.64,464.03,16.24
UK00004,8,0.0007188405,0.0410000000,0.5822581064,0.0004185507,0.0238554218,98.73,52.32,33.91,12.51,497.48,17.41
UK00004,9,0.0007563465,0.0400000000,0.5579841339,0.0004220293,0.0223024842,94.62,52.75,33.40,8.46,527.84,18.47
UK00004,10,0.0007976640,0.0400000000,0.5352596204,0.0004269573,0.0213933065,90.76,53.37,32.94,4.45,555.07,19.43
UK00004,11,0.0008431815,0.0400000000,0.5134393565,0.0004329226,0.0205202574,87.06,54.12,32.48,0.47,579.11,20.27
UK00004,12,0.0008933085,0.0400000000,0.4924861766,0.0004399421,0.0196818494,83.51,54.99,32.03,-3.51,599.86,20.99
UK00004,13,0.0009485280,0.0400000000,0.4723643851,0.0004480508,0.0188766534,80.10,56.01,31.58,-7.49,617.22,21.60
UK00004,14,0.0010093545,0.0400000000,0.4530396809,0.0004572776,0.0181032961,76.82,57.16,31.14,-11.48,631.07,22.09
UK00004,15,0.0010763550,0.0400000000,0.4344791071,0.0004676538,0.0173604581,73.67,58.46,30.70,-15.48,641.28,22.44
UK00004,16,0.0011501490,0.0400000000,0.4166509953,0.0004792107,0.0166468714,70.65,59.90,30.26,-19.51,647.70,22.67
UK00004,17,0.0012314400,0.0400000000,0.3995249131,0.0004919910,0.0159613169,67.75,61.50,29.83,-23.58,650.17,22.76
UK00004,18,0.0013209735,0.0400000000,0.3830716053,0.0005060274,0.0153026231,64.96,63.25,29.40,-27.70,648.52,22.70
UK00004,19,0.0014196105,0.0400000000,0.3672629547,0.0005213703,0.0146696634,62.28,65.17,28.98,-31.87,642.55,22.49
UK00004,20,0.0015282435,0.0400000000,0.3520719210,0.0005380516,0.0140613548,59.70,67.26,28.56,-36.11,632.05,22.12
UK00004,21,0.0016479120,0.0400000000,0.3374725146,0.0005561250,0.0134766556,57.23,69.52,28.14,-40.43,616.79,21.59
UK00004,22,0.0017797185,0.0400000000,0.3234397340,0.0005756317,0.0129145641,54.85,71.95,27.73,-44.83,596.53,20.88
UK00004,23,0.0019249125,0.0400000000,0.3099495383,0.0005966257,0.0123741165,52.56,74.58,27.31,-49.33,571.01,19.99
UK00004,24,0.0020848380,0.0400000000,0.2969787960,0.0006191527,0.0118543857,50.36,77.39,26.90,-53.94,539.93,18.90
UK00004,25,0.0022610070,0.0400000000,0.2845052576,0.0006432684,0.0113544796,48.24,80.41,26.50,-58.66,503.00,17.61
UK00004,26,0.0024550470,0.0400000000,0.0000000000,0.0000000000,0.0000000000,0.00,0.00,0.00,0.00,459.90,16.10
UK00004,27,0.0026687745,0.0400000000,0.0000000000,0.0000000000,0.0000000000,0.00,0.00,0.00,0.00,0.00,0.00
UK00004,28,0.0029042055,0.0400000000,0.0000000000,0.0000000000,0.0000000000,0.00,0.00,0.00,0.00,0.00,0.00
UK00004,29,0.0031635345,0.0400000000,0.0000000000,0.0000000000,0.0000000000,0.00,0.00,0.00,0.00,0.00,0.00
UK00004,30,0.0034491870,0.0400000000,0.0000000000,0.0000000000,0.0000000000,0.00,0.00,0.00,0.00,0.00,0.00
UK00004,31,0.0037638195,0.0400000000,0.0000000000,0.0000000000,0.0000000000,0.00,0.00,0.00,0.00,0.00,0.00
UK00004,32,0.0041104035,0.0400000000,0.0000000000,0.0000000000,0.0000000000,0.00,0.00,0.00,0.00,0.00,0.00
UK00004,33,0.0044921520,0.0400000000,0.0000000000,0.0000000000,0.0000000000,0.00,0.00,0.00,0.00,0.00,0.00
UK00004,34,0.0049126560,0.0400000000,0.0000000000,0.0000000000,0.0000000000,0.00,0.00,0.00,0.00,0.00,0.00
UK00004,35,0.0053758425,0.0400000000,0.0000000000,0.0000000000,0.0000000000,0.00,0.00,0.00,0.00,0.00,0.00
UK00004,36,0.0058860375,0.0400000000,0.0000000000,0.0000000000,0.0000000000,0.00,0.00,0.00,0.00,0.00,0.00
UK00004,37,0.0064480185,0.0400000000,0.0000000000,0.0000000000,0.0000000000,0.00,0.00,0.00,0.00,0.00,0.00
UK00004,38,0.0070670460,0.0400000000,0.0000000000,0.0000000000,0.0000000000,0.00,0.00,0.00,0.00,0.00,0.00
UK00004,39,0.0077488950,0.0400000000,0.0000000000,0.0000000000,0.0000000000,0.00,0.00,0.00,0.00,0.00,0.00
UK00004,40,0.0084999600,0.0400000000,0.0000000000,0.0000000000,0.0000000000,0.00,0.00,0.00,0.00,0.00,0.00
UK00004,41,0.0093272550,0.0400000000,0.0000000000,0.0000000000,0.0000000000,0.00,0.00,0.00,0.00,0.00,0.00
UK00005,1,0.0004754190,0.1450000000,1.0000000000,0.0004754190,0.1449310642,87.16,23.77,60.00,3.39,323.65,11.33
UK00005,2,0.0005002305,0.0980000000,0.8545935168,0.0004274937,0.0837082703,74.49,21.37,52.71,0.40,338.49,11.85
UK00005,3,0.0005275515,0.0720000000,0.7704577528,0.0004064561,0.0554436934,67.15,20.32,48.85,-2.02,350.75,12.28
UK00005,4,0.0005576550,0.0580000000,0.7146076033,0.0003985045,0.0414241277,62.29,19.93,46.58,-4.22,360.93,12.63
UK00005,5,0.0005908140,0.0500000000,0.6727849710,0.0003974908,0.0336193740,58.64,19.87,45.08,-6.32,369.20,12.92
UK00005,6,0.0006273330,0.0460000000,0.6387681062,0.0004007203,0.0293648998,55.68,20.04,44.00,-8.36,375.58,13.15
UK00005,7,0.0006675585,0.0430000000,0.6090024862,0.0004065448,0.0261696255,53.08,20.33,43.12,-10.37,380.08,13.30
UK00005,8,0.0007118685,0.0410000000,0.5824263159,0.0004146109,0.0238624799,50.76,20.73,42.40,-12.36,382.64,13.39
UK00005,9,0.0007606830,0.0400000000,0.5581492251,0.0004245746,0.0223089860,48.65,21.23,41.77,-14.35,383.24,13.41
UK00005,10,0.0008144430,0.0400000000,0.5354156644,0.0004360655,0.0213991840,46.67,21.80,41.19,-16.33,381.80,13.36
UK00005,11,0.0008736630,0.0400000000,0.5135804149,0.0004486962,0.0205252687,44.76,22.43,40.62,-18.29,378.27,13.24
UK00005,12,0.0009388890,0.0400000000,0.4926064500,0.0004625028,0.0196857579,42.94,23.13,40.05,-20.24,372.58,13.04
UK00005,13,0.0010107405,0.0400000000,0.4724581893,0.0004775326,0.0188792263,41.18,23.88,39.48,-22.18,364.68,12.76
UK00005,14,0.0010898895,0.0400000000,0.4531014304,0.0004938305,0.0181043040,39.49,24.69,38.93,-24.13,354.48,12.41
UK00005,15,0.0011770710,0.0400000000,0.4345032959,0.0005114412,0.0173596742,37.87,25.57,38.37,-26.08,341.92,11.97
UK00005,16,0.0012730935,0.0400000000,0.4166321805,0.0005304117,0.0166440708,36.31,26.52,37.83,-28.03,326.89,11.44
UK00005,17,0.0013788600,0.0400000000,0.3994576980,0.0005507962,0.0159562761,34.82,27.54,37.28,-30.01,309.32,10.83
UK00005,18,0.0014953680,0.0400000000,0.3829506257,0.0005726521,0.0152951189,33.38,28.63,36.74,-32.00,289.09,10.12
UK00005,19,0.0016237095,0.0400000000,0.3670828547,0.0005960359,0.0146594727,31.99,29.80,36.21,-34.01,266.09,9.31
UK00005,20,0.0017650605,0.0400000000,0.3518273460,0.0006209966,0.0140482540,30.67,31.05,35.67,-36.06,240.20,8.41
UK00005,21,0.0019207755,0.0400000000,0.0000000000,0.0000000000,0.0000000000,0.00,0.00,0.00,0.00,211.29,7.40
UK00005,22,0.0020922825,0.0400000000,0.0000000000,0.0000000000,0.0000000000,0.00,0.00,0.00,0.00,0.00,0.00
UK00005,23,0.0022812090,0.0400000000,0.0000000000,0.0000000000,0.0000000000,0.00,0.00,0.00,0.00,0.00,0.00
UK00005,24,0.0024892980,0.0400000000,0.0000000000,0.0000000000,0.0000000000,0.00,0.00,0.00,0.00,0.00,0.00
UK00005,25,0.0027185235,0.0400000000,0.0000000000,0.0000000000,0.0000000000,0.00,0.00,0.00,0.00,0.00,0.00
UK00005,26,0.0029710065,0.0400000000,0.0000000000,0.0000000000,0.0000000000,0.00,0.00,0.00,0.00,0.00,0.00
UK00005,27,0.0032491095,0.0400000000,0.0000000000,0.0000000000,0.0000000000,0.00,0.00,0.00,0.00,0.00,0.00
UK00005,28,0.0035554470,0.0400000000,0.0000000000,0.0000000000,0.0000000000,0.00,0.00,0.00,0.00,0.00,0.00
UK00005,29,0.0038928855,0.0400000000,0.0000000000,0.0000000000,0.0000000000,0.00,0.00,0.00,0.00,0.00,0.00
UK00005,30,0.0042645645,0.0400000000,0.0000000000,0.0000000000,0.0000000000,0.00,0.00,0.00,0.00,0.00,0.00
UK00005,31,0.0046739700,0.0400000000,0.0000000000,0.0000000000,0.0000000000,0.00,0.00,0.00,0.00,0.00,0.00
UK00005,32,0.0051249345,0.0400000000,0.0000000000,0.0000000000,0.0000000000,0.00,0.00,0.00,0.00,0.00,0.00
UK00005,33,0.0056216685,0.0400000000,0.0000000000,0.0000000000,0.0000000000,0.00,0.00,0.00,0.00,0.00,0.00
UK00005,34,0.0061688130,0.0400000000,0.0000000000,0.0000000000,0.0000000000,0.00,0.00,0.00,0.00,0.00,0.00
UK00005,35,0.0067715025,0.0400000000,0.0000000000,0.0000000000,0.0000000000,0.00,0.00,0.00,0.00,0.00,0.00
UK00005,36,0.0074353650,0.0400000000,0.0000000000,0.0000000000,0.0000000000,0.00,0.00,0.00,0.00,0.00,0.00
UK00005,37,0.0081666165,0.0400000000,0.0000000000,0.0000000000,0.0000000000,0.00,0.00,0.00,0.00,0.00,0.00
UK00005,38,0.0089720715,0.0400000000,0.0000000000,0.0000000000,0.0000000000,0.00,0.00,0.00,0.00,0.00,0.00
UK00005,39,0.0098592900,0.0400000000,0.0000000000,0.0000000000,0.0000000000,0.00,0.00,0.00,0.00,0.00,0.00
UK00005,40,0.0108365670,0.0400000000,0.0000000000,0.0000000000,0.0000000000,0.00,0.00,0.00,0.00,0.00,0.00
UK00005,41,0.0119130270,0.0400000000,0.0000000000,0.0000000000,0.0000000000,0.00,0.00,0.00,0.00,0.00,0.00
UK00006,1,0.0009983820,0.1450000000,1.0000000000,0.0009983820,0.1448552346,184.27,74.88,40.80,68.59,106.15,3.72
UK00006,2,0.0010504830,0.0980000000,0.8541463834,0.0008972663,0.0836184135,157.39,67.29,35.82,54.27,180.85,6.33
UK00006,3,0.0011078655,0.0720000000,0.7696307037,0.0008526473,0.0553520201,141.82,63.95,33.18,44.69,243.36,8.52
UK00006,4,0.0011710755,0.0580000000,0.7134260363,0.0008354758,0.0413302525,131.46,62.66,31.62,37.18,298.13,10.43
UK00006,5,0.0012407115,0.0500000000,0.6712603080,0.0008328404,0.0335213734,123.69,62.46,30.59,30.64,347.04,12.15
UK00006,6,0.0013174035,0.0460000000,0.6369060943,0.0008390623,0.0292590835,117.36,62.93,29.83,24.60,390.91,13.68
UK00006,7,0.0014018760,0.0430000000,0.6068079485,0.0008506695,0.0260561630,111.82,63.80,29.22,18.80,430.05,15.05
UK00006,8,0.0014949270,0.0410000000,0.5799011160,0.0008669098,0.0237404025,106.86,65.02,28.71,13.13,464.55,16.26
UK00006,9,0.0015974280,0.0400000000,0.5552938037,0.0008870419,0.0221762705,102.32,66.53,28.26,7.54,494.41,17.30
UK00006,10,0.0017103345,0.0400000000,0.5322304914,0.0009102922,0.0212528080,98.07,68.27,27.84,1.96,519.52,18.18
UK00006,11,0.0018346965,0.0400000000,0.5100673912,0.0009358189,0.0203652629,93.99,70.19,27.43,-3.63,539.73,18.89
UK00006,12,0.0019716795,0.0400000000,0.4887663095,0.0009636905,0.0195121048,90.06,72.28,27.02,-9.23,554.86,19.42
UK00006,13,0.0021225645,0.0400000000,0.4682905142,0.0009939768,0.0186918615,86.29,74.55,26.61,-14.87,564.73,19.77
UK00006,14,0.0022887690,0.0400000000,0.4486046759,0.0010267525,0.0179031169,82.66,77.01,26.21,-20.55,569.11,19.92
UK00006,15,0.0024718365,0.0400000000,0.4296748065,0.0010620859,0.0171445088,79.18,79.66,25.80,-26.29,567.76,19.87
UK00006,16,0.0026734890,0.0400000000,0.4114682118,0.0011000557,0.0164147262,75.82,82.50,25.40,-32.09,560.42,19.61
UK00006,17,0.0028956165,0.0400000000,0.3939534298,0.0011407381,0.0157125077,72.59,85.56,25.00,-37.96,546.83,19.14
UK00006,18,0.0031402770,0.0400000000,0.3771001841,0.0011841990,0.0150366394,69.49,88.81,24.60,-43.93,526.67,18.43
UK00006,19,0.0034097805,0.0400000000,0.3608793456,0.0012305194,0.0143859531,66.50,92.29,24.20,-49.99,499.64,17.49
UK00006,20,0.0037066365,0.0400000000,0.3452628732,0.0012797640,0.0137593244,63.62,95.98,23.81,-56.17,465.38,16.29
UK00006,21,0.0040336275,0.0400000000,0.0000000000,0.0000000000,0.0000000000,0.00,0.00,0.00,0.00,423.54,14.82
UK00006,22,0.0043937985,0.0400000000,0.0000000000,0.0000000000,0.0000000000,0.00,0.00,0.00,0.00,0.00,0.00
UK00006,23,0.0047905305,0.0400000000,0.0000000000,0.0000000000,0.0000000000,0.00,0.00,0.00,0.00,0.00,0.00
UK00006,24,0.0052275300,0.0400000000,0.0000000000,0.0000000000,0.0000000000,0.00,0.00,0.00,0.00,0.00,0.00
UK00006,25,0.0057088920,0.0400000000,0.0000000000,0.0000000000,0.0000000000,0.00,0.00,0.00,0.00,0.00,0.00
UK00006,26,0.0062391000,0.0400000000,0.0000000000,0.0000000000,0.0000000000,0.00,0.00,0.00,0.00,0.00,0.00
UK00006,27,0.0068231310,0.0400000000,0.0000000000,0.0000000000,0.0000000000,0.00,0.00,0.00,0.00,0.00,0.00
UK00006,28,0.0074664450,0.0400000000,0.0000000000,0.0000000000,0.0000000000,0.00,0.00,0.00,0.00,0.00,0.00
UK00006,29,0.0081750480,0.0400000000,0.0000000000,0.0000000000,0.0000000000,0.00,0.00,0.00,0.00,0.00,0.00
UK00006,30,0.0089555865,0.0400000000,0.0000000000,0.0000000000,0.0000000000,0.00,0.00,0.00,0.00,0.00,0.00
UK00006,31,0.0098153370,0.0400000000,0.0000000000,0.0000000000,0.0000000000,0.00,0.00,0.00,0.00,0.00,0.00
UK00006,32,0.0107623530,0.0400000000,0.0000000000,0.0000000000,0.0000000000,0.00,0.00,0.00,0.00,0.00,0.00
UK00006,33,0.0118054965,0.0400000000,0.0000000000,0.0000000000,0.0000000000,0.00,0.00,0.00,0.00,0.00,0.00
UK00006,34,0.0129545220,0.0400000000,0.0000000000,0.0000000000,0.0000000000,0.00,0.00,0.00,0.00,0.00,0.00
UK00006,35,0.0142201605,0.0400000000,0.0000000000,0.0000000000,0.0000000000,0.00,0.00,0.00,0.00,0.00,0.00
UK00006,36,0.0156142770,0.0400000000,0.0000000000,0.0000000000,0.0000000000,0.00,0.00,0.00,0.00,0.00,0.00
UK00006,37,0.0171498810,0.0400000000,0.0000000000,0.0000000000,0.0000000000,0.00,0.00,0.00,0.00,0.00,0.00
UK00006,38,0.0188413575,0.0400000000,0.0000000000,0.0000000000,0.0000000000,0.00,0.00,0.00,0.00,0.00,0.00
UK00006,39,0.0207045195,0.0400000000,0.0000000000,0.0000000000,0.0000000000,0.00,0.00,0.00,0.00,0.00,0.00
UK00006,40,0.0227567865,0.0400000000,0.0000000000,0.0000000000,0.0000000000,0.00,0.00,0.00,0.00,0.00,0.00
UK00006,41,0.0250173630,0.0400000000,0.0000000000,0.0000000000,0.0000000000,0.00,0.00,0.00,0.00,0.00,0.00
UK00007,1,0.0003423000,0.1450000000,1.0000000000,0.0003423000,0.1449503665,107.04,34.23,48.00,24.81,193.95,6.79
UK00007,2,0.0003601605,0.0980000000,0.8547073335,0.0003078318,0.0837311512,91.49,30.78,42.17,18.53,226.41,7.92
UK00007,3,0.0003798375,0.0720000000,0.7706683505,0.0002927287,0.0554670448,82.49,29.27,39.09,14.13,253.52,8.87
UK00007,4,0.0004015095,0.0580000000,0.7149085770,0.0002870426,0.0414480490,76.52,28.70,37.28,10.54,277.01,9.70
UK00007,5,0.0004253865,0.0500000000,0.6731734854,0.0002863589,0.0336443563,72.06,28.64,36.09,7.33,297.62,10.42
UK00007,6,0.0004516785,0.0460000000,0.6392427702,0.0002887322,0.0293918857,68.42,28.87,35.23,4.32,315.62,11.05
UK00007,7,0.0004806480,0.0430000000,0.6095621522,0.0002929848,0.0261985742,65.25,29.30,34.53,1.42,331.15,11.59
UK00007,8,0.0005125470,0.0410000000,0.5830705932,0.0002988511,0.0238936414,62.41,29.89,33.96,-1.43,344.20,12.05
UK00007,9,0.0005476905,0.0400000000,0.5588781007,0.0003060922,0.0223428803,59.82,30.61,33.46,-4.25,354.77,12.42
UK00007,10,0.0005864040,0.0400000000,0.5362291281,0.0003144469,0.0214365872,57.40,31.44,33.00,-7.05,362.79,12.70
UK00007,11,0.0006290340,0.0400000000,0.5144780940,0.0003236242,0.0205661788,55.07,32.36,32.55,-9.84,368.20,12.89
UK00007,12,0.0006760005,0.0400000000,0.4935882910,0.0003336659,0.0197301850,52.83,33.37,32.10,-12.63,370.90,12.98
UK00007,13,0.0007277340,0.0400000000,0.4735244400,0.0003445998,0.0189271936,50.69,34.46,31.66,-15.43,370.80,12.98
UK00007,14,0.0007847175,0.0400000000,0.4542526466,0.0003564600,0.0181558475,48.62,35.65,31.22,-18.24,367.81,12.87
UK00007,15,0.0008474865,0.0400000000,0.4357403391,0.0003692841,0.0174148422,46.64,36.93,30.79,-21.07,361.80,12.66
UK00007,16,0.0009166290,0.0400000000,0.4179562129,0.0003831108,0.0167029241,44.74,38.31,30.36,-23.93,352.65,12.34
UK00007,17,0.0009927855,0.0400000000,0.4008701780,0.0003979781,0.0160188880,42.91,39.80,29.93,-26.82,340.22,11.91
UK00007,18,0.0010766700,0.0400000000,0.3844533119,0.0004139293,0.0153615753,41.15,41.39,29.51,-29.75,324.37,11.35
UK00007,19,0.0011690700,0.0400000000,0.3686778073,0.0004310102,0.0147298719,39.46,43.10,29.09,-32.73,304.93,10.67
UK00007,20,0.0012708465,0.0400000000,0.3535169252,0.0004492657,0.0141227064,37.84,44.93,28.68,-35.76,281.73,9.86
UK00007,21,0.0013829550,0.0400000000,0.0000000000,0.0000000000,0.0000000000,0.00,0.00,0.00,0.00,254.58,8.91
UK00007,22,0.0015064455,0.0400000000,0.0000000000,0.0000000000,0.0000000000,0.00,0.00,0.00,0.00,0.00,0.00
UK00007,23,0.0016424730,0.0400000000,0.0000000000,0.0000000000,0.0000000000,0.00,0.00,0.00,0.00,0.00,0.00
UK00007,24,0.0017922975,0.0400000000,0.0000000000,0.0000000000,0.0000000000,0.00,0.00,0.00,0.00,0.00,0.00
UK00007,25,0.0019573365,0.0400000000,0.0000000000,0.0000000000,0.0000000000,0.00,0.00,0.00,0.00,0.00,0.00
UK00007,26,0.0021391230,0.0400000000,0.0000000000,0.0000000000,0.0000000000,0.00,0.00,0.00,0.00,0.00,0.00
UK00007,27,0.0023393580,0.0400000000,0.0000000000,0.0000000000,0.0000000000,0.00,0.00,0.00,0.00,0.00,0.00
UK00007,28,0.0025599210,0.0400000000,0.0000000000,0.0000000000,0.0000000000,0.00,0.00,0.00,0.00,0.00,0.00
UK00007,29,0.0028028700,0.0400000000,0.0000000000,0.0000000000,0.0000000000,0.00,0.00,0.00,0.00,0.00,0.00
UK00007,30,0.0030704835,0.0400000000,0.0000000000,0.0000000000,0.0000000000,0.00,0.00,0.00,0.00,0.00,0.00
UK00007,31,0.0033652605,0.0400000000,0.0000000000,0.0000000000,0.0000000000,0.00,0.00,0.00,0.00,0.00,0.00
UK00007,32,0.0036899520,0.0400000000,0.0000000000,0.0000000000,0.0000000000,0.00,0.00,0.00,0.00,0.00,0.00
UK00007,33,0.0040476030,0.0400000000,0.0000000000,0.0000000000,0.0000000000,0.00,0.00,0.00,0.00,0.00,0.00
UK00007,34,0.0044415525,0.0400000000,0.0000000000,0.0000000000,0.0000000000,0.00,0.00,0.00,0.00,0.00,0.00
UK00007,35,0.0048754860,0.0400000000,0.0000000000,0.0000000000,0.0000000000,0.00,0.00,0.00,0.00,0.00,0.00
UK00007,36,0.0053534670,0.0400000000,0.0000000000,0.0000000000,0.0000000000,0.00,0.00,0.00,0.00,0.00,0.00
UK00007,37,0.0058799580,0.0400000000,0.0000000000,0.0000000000,0.0000000000,0.00,0.00,0.00,0.00,0.00,0.00
UK00007,38,0.0064598940,0.0400000000,0.0000000000,0.0000000000,0.0000000000,0.00,0.00,0.00,0.00,0.00,0.00
UK00007,39,0.0070986930,0.0400000000,0.0000000000,0.0000000000,0.0000000000,0.00,0.00,0.00,0.00,0.00,0.00
UK00007,40,0.0078023295,0.0400000000,0.0000000000,0.0000000000,0.0000000000,0.00,0.00,0.00,0.00,0.00,0.00
UK00007,41,0.0085773870,0.0400000000,0.0000000000,0.0000000000,0.0000000000,0.00,0.00,0.00,0.00,0.00,0.00
UK00008,1,0.0007188405,0.1450000000,1.0000000000,0.0007188405,0.1448957681,212.72,89.86,60.00,62.86,307.57,10.76
UK00008,2,0.0007563465,0.0980000000,0.8543853914,0.0006462114,0.0836664396,181.74,80.78,52.70,48.27,383.40,13.42
UK00008,3,0.0007976640,0.0720000000,0.7700727403,0.0006142593,0.0554010106,163.81,76.78,48.83,38.20,446.78,15.64
UK00008,4,0.0008431815,0.0580000000,0.7140574704,0.0006020800,0.0413804126,151.89,75.26,46.54,30.09,501.95,17.57
UK00008,5,0.0008933085,0.0500000000,0.6720749777,0.0006003703,0.0335737304,142.96,75.05,45.03,22.88,550.67,19.27
UK00008,6,0.0009485280,0.0460000000,0.6379008770,0.0006050668,0.0293156073,135.69,75.63,43.94,16.12,593.62,20.78
UK00008,7,0.0010093545,0.0430000000,0.6079802029,0.0006136676,0.0261167610,129.33,76.71,43.05,9.57,631.08,22.09
UK00008,8,0.0010763550,0.0410000000,0.5812497744,0.0006256311,0.0238055899,123.64,78.20,42.31,3.13,663.08,23.21
UK00008,9,0.0011501490,0.0400000000,0.5568185534,0.0006404243,0.0222471252,118.45,80.05,41.67,-3.28,689.52,24.13
UK00008,10,0.0012314400,0.0400000000,0.5339310039,0.0006575040,0.0213309400,113.58,82.19,41.07,-9.68,710.26,24.86
UK00008,11,0.0013209735,0.0400000000,0.5119425599,0.0006762626,0.0204506519,108.90,84.53,40.49,-16.12,725.10,25.38
UK00008,12,0.0014196105,0.0400000000,0.4908156455,0.0006967670,0.0196047551,104.41,87.10,39.90,-22.59,733.79,25.68
UK00008,13,0.0015282435,0.0400000000,0.4705141233,0.0007190602,0.0187918025,100.09,89.88,39.32,-29.12,736.09,25.76
UK00008,14,0.0016479120,0.0400000000,0.4510032606,0.0007432137,0.0180104019,95.94,92.90,38.75,-35.71,731.72,25.61
UK00008,15,0.0017797185,0.0400000000,0.4322496451,0.0007692827,0.0172592145,91.95,96.16,38.18,-42.39,720.37,25.21
UK00008,16,0.0019249125,0.0400000000,0.4142211479,0.0007973395,0.0165369523,88.11,99.67,37.61,-49.16,701.71,24.56
UK00008,17,0.0020848380,0.0400000000,0.3968868561,0.0008274448,0.0158423765,84.43,103.43,37.04,-56.05,675.39,23.64
UK00008,18,0.0022610070,0.0400000000,0.3802170348,0.0008596734,0.0151742945,80.88,107.46,36.48,-63.06,641.02,22.44
UK00008,19,0.0024550470,0.0400000000,0.3641830670,0.0008940865,0.0145315592,77.47,111.76,35.92,-70.21,598.19,20.94
UK00008,20,0.0026687745,0.0400000000,0.3487574212,0.0009307549,0.0139130667,74.19,116.34,35.36,-77.52,546.45,19.13
UK00008,21,0.0029042055,0.0400000000,0.0000000000,0.0000000000,0.0000000000,0.00,0.00,0.00,0.00,485.35,16.99
UK00008,22,0.0031635345,0.0400000000,0.0000000000,0.0000000000,0.0000000000,0.00,0.00,0.00,0.00,0.00,0.00
UK00008,23,0.0034491870,0.0400000000,0.0000000000,0.0000000000,0.0000000000,0.00,0.00,0.00,0.00,0.00,0.00
UK00008,24,0.0037638195,0.0400000000,0.0000000000,0.0000000000,0.0000000000,0.00,0.00,0.00,0.00,0.00,0.00
UK00008,25,0.0041104035,0.0400000000,0.0000000000,0.0000000000,0.0000000000,0.00,0.00,0.00,0.00,0.00,0.00
UK00008,26,0.0044921520,0.0400000000,0.0000000000,0.0000000000,0.0000000000,0.00,0.00,0.00,0.00,0.00,0.00
UK00008,27,0.0049126560,0.0400000000,0.0000000000,0.0000000000,0.0000000000,0.00,0.00,0.00,0.00,0.00,0.00
UK00008,28,0.0053758425,0.0400000000,0.0000000000,0.0000000000,0.0000000000,0.00,0.00,0.00,0.00,0.00,0.00
UK00008,29,0.0058860375,0.0400000000,0.0000000000,0.0000000000,0.0000000000,0.00,0.00,0.00,0.00,0.00,0.00
UK00008,30,0.0064480185,0.0400000000,0.0000000000,0.0000000000,0.0000000000,0.00,0.00,0.00,0.00,0.00,0.00
UK00008,31,0.0070670460,0.0400000000,0.0000000000,0.0000000000,0.0000000000,0.00,0.00,0.00,0.00,0.00,0.00
UK00008,32,0.0077488950,0.0400000000,0.0000000000,0.0000000000,0.0000000000,0.00,0.00,0.00,0.00,0.00,0.00
UK00008,33,0.0084999600,0.0400000000,0.0000000000,0.0000000000,0.0000000000,0.00,0.00,0.00,0.00,0.00,0.00
UK00008,34,0.0093272550,0.0400000000,0.0000000000,0.0000000000,0.0000000000,0.00,0.00,0.00,0.00,0.00,0.00
UK00008,35,0.0102385185,0.0400000000,0.0000000000,0.0000000000,0.0000000000,0.00,0.00,0.00,0.00,0.00,0.00
UK00008,36,0.0112422765,0.0400000000,0.0000000000,0.0000000000,0.0000000000,0.00,0.00,0.00,0.00,0.00,0.00
UK00008,37,0.0123479160,0.0400000000,0.0000000000,0.0000000000,0.0000000000,0.00,0.00,0.00,0.00,0.00,0.00
UK00008,38,0.0135657795,0.0400000000,0.0000000000,0.0000000000,0.0000000000,0.00,0.00,0.00,0.00,0.00,0.00
UK00008,39,0.0149072595,0.0400000000,0.0000000000,0.0000000000,0.0000000000,0.00,0.00,0.00,0.00,0.00,0.00
UK00008,40,0.0163848930,0.0400000000,0.0000000000,0.0000000000,0.0000000000,0.00,0.00,0.00,0.00,0.00,0.00
UK00008,41,0.0180125085,0.0400000000,0.0000000000,0.0000000000,0.0000000000,0.00,0.00,0.00,0.00,0.00,0.00
UK00009,1,0.0008736630,0.1450000000,1.0000000000,0.0008736630,0.1448733189,125.00,43.68,40.80,40.52,96.25,3.37
UK00009,2,0.0009388890,0.0980000000,0.8542530181,0.0008020488,0.0836381950,106.78,40.10,35.83,30.85,141.56,4.95
UK00009,3,0.0010107405,0.0720000000,0.7698127744,0.0007780809,0.0553704979,96.23,38.90,33.19,24.13,178.44,6.25
UK00009,4,0.0010898895,0.0580000000,0.7136641955,0.0007778151,0.0413474101,89.21,38.89,31.63,18.68,209.66,7.34
UK00009,5,0.0011770710,0.0500000000,0.6715389703,0.0007904490,0.0335374261,83.94,39.52,30.60,13.82,236.34,8.27
UK00009,6,0.0012730935,0.0460000000,0.6372110952,0.0008112293,0.0292743938,79.65,40.56,29.85,9.24,258.91,9.06
UK00009,7,0.0013788600,0.0430000000,0.6071254721,0.0008371410,0.0260703982,75.89,41.86,29.23,4.80,277.54,9.71
UK00009,8,0.0014953680,0.0410000000,0.5802179328,0.0008676393,0.0237533620,72.53,43.38,28.72,0.42,292.22,10.23
UK00009,9,0.0016237095,0.0400000000,0.5555969315,0.0009021280,0.0221877921,69.45,45.11,28.27,-3.93,302.89,10.60
UK00009,10,0.0017650605,0.0400000000,0.5325070113,0.0009399071,0.0212626842,66.56,47.00,27.86,-8.29,309.42,10.83
UK00009,11,0.0019207755,0.0400000000,0.5103044200,0.0009801802,0.0203729696,63.79,49.01,27.44,-12.66,311.68,10.91
UK00009,12,0.0020922825,0.0400000000,0.4889512702,0.0010230242,0.0195171298,61.12,51.15,27.03,-17.06,309.48,10.83
UK00009,13,0.0022812090,0.0400000000,0.4684111162,0.0010685437,0.0186937029,58.55,53.43,26.62,-21.50,302.65,10.59
UK00009,14,0.0024892980,0.0400000000,0.4486488696,0.0011168207,0.0179012820,56.08,55.84,26.21,-25.97,290.99,10.18
UK00009,15,0.0027185235,0.0400000000,0.4296307669,0.0011679613,0.0171385122,53.70,58.40,25.80,-30.50,274.30,9.60
UK00009,16,0.0029710065,0.0400000000,0.0000000000,0.0000000000,0.0000000000,0.00,0.00,0.00,0.00,252.34,8.83
UK00009,17,0.0032491095,0.0400000000,0.0000000000,0.0000000000,0.0000000000,0.00,0.00,0.00,0.00,0.00,0.00
UK00009,18,0.0035554470,0.0400000000,0.0000000000,0.0000000000,0.0000000000,0.00,0.00,0.00,0.00,0.00,0.00
UK00009,19,0.0038928855,0.0400000000,0.0000000000,0.0000000000,0.0000000000,0.00,0.00,0.00,0.00,0.00,0.00
UK00009,20,0.0042645645,0.0400000000,0.0000000000,0.0000000000,0.0000000000,0.00,0.00,0.00,0.00,0.00,0.00
UK00009,21,0.0046739700,0.0400000000,0.0000000000,0.0000000000,0.0000000000,0.00,0.00,0.00,0.00,0.00,0.00
UK00009,22,0.0051249345,0.0400000000,0.0000000000,0.0000000000,0.0000000000,0.00,0.00,0.00,0.00,0.00,0.00
UK00009,23,0.0056216685,0.0400000000,0.0000000000,0.0000000000,0.0000000000,0.00,0.00,0.00,0.00,0.00,0.00
UK00009,24,0.0061688130,0.0400000000,0.0000000000,0.0000000000,0.0000000000,0.00,0.00,0.00,0.00,0.00,0.00
UK00009,25,0.0067715025,0.0400000000,0.0000000000,0.0000000000,0.0000000000,0.00,0.00,0.00,0.00,0.00,0.00
UK00009,26,0.0074353650,0.0400000000,0.0000000000,0.0000000000,0.0000000000,0.00,0.00,0.00,0.00,0.00,0.00
UK00009,27,0.0081666165,0.0400000000,0.0000000000,0.0000000000,0.0000000000,0.00,0.00,0.00,0.00,0.00,0.00
UK00009,28,0.0089720715,0.0400000000,0.0000000000,0.0000000000,0.0000000000,0.00,0.00,0.00,0.00,0.00,0.00
UK00009,29,0.0098592900,0.0400000000,0.0000000000,0.0000000000,0.0000000000,0.00,0.00,0.00,0.00,0.00,0.00
UK00009,30,0.0108365670,0.0400000000,0.0000000000,0.0000000000,0.0000000000,0.00,0.00,0.00,0.00,0.00,0.00
UK00009,31,0.0119130270,0.0400000000,0.0000000000,0.0000000000,0.0000000000,0.00,0.00,0.00,0.00,0.00,0.00
UK00009,32,0.0130987605,0.0400000000,0.0000000000,0.0000000000,0.0000000000,0.00,0.00,0.00,0.00,0.00,0.00
UK00009,33,0.0144048345,0.0400000000,0.0000000000,0.0000000000,0.0000000000,0.00,0.00,0.00,0.00,0.00,0.00
UK00009,34,0.0158434815,0.0400000000,0.0000000000,0.0000000000,0.0000000000,0.00,0.00,0.00,0.00,0.00,0.00
UK00009,35,0.0174281520,0.0400000000,0.0000000000,0.0000000000,0.0000000000,0.00,0.00,0.00,0.00,0.00,0.00
UK00009,36,0.0191736615,0.0400000000,0.0000000000,0.0000000000,0.0000000000,0.00,0.00,0.00,0.00,0.00,0.00
UK00009,37,0.0210963375,0.0400000000,0.0000000000,0.0000000000,0.0000000000,0.00,0.00,0.00,0.00,0.00,0.00
UK00009,38,0.0232141665,0.0400000000,0.0000000000,0.0000000000,0.0000000000,0.00,0.00,0.00,0.00,0.00,0.00
UK00009,39,0.0255469620,0.0400000000,0.0000000000,0.0000000000,0.0000000000,0.00,0.00,0.00,0.00,0.00,0.00
UK00009,40,0.0281165325,0.0400000000,0.0000000000,0.0000000000,0.0000000000,0.00,0.00,0.00,0.00,0.00,0.00
UK00009,41,0.0309469125,0.0400000000,0.0000000000,0.0000000000,0.0000000000,0.00,0.00,0.00,0.00,0.00,0.00
UK00010,1,0.0018346965,0.1450000000,1.0000000000,0.0018346965,0.1447339690,303.44,137.60,48.00,117.84,151.00,5.28
UK00010,2,0.0019716795,0.0980000000,0.8534313345,0.0016826931,0.0834713669,258.97,126.20,42.11,90.65,278.24,9.74
UK00010,3,0.0021225645,0.0720000000,0.7682772746,0.0016307181,0.0551985521,233.13,122.30,38.97,71.85,381.81,13.36
UK00010,4,0.0022887690,0.0580000000,0.7114480044,0.0016283401,0.0411695405,215.88,122.13,37.10,56.66,469.54,16.43
UK00010,5,0.0024718365,0.0500000000,0.6686501238,0.0016527938,0.0333498665,202.90,123.96,35.84,43.09,544.61,19.06
UK00010,6,0.0026734890,0.0460000000,0.6336474635,0.0016940495,0.0290698570,192.27,127.05,34.92,30.30,608.27,21.29
UK00010,7,0.0028956165,0.0430000000,0.6028835569,0.0017457196,0.0258489270,182.94,130.93,34.15,17.86,660.92,23.13
UK00010,8,0.0031402770,0.0410000000,0.5752889103,0.0018065665,0.0235127761,174.57,135.49,33.50,5.57,702.54,24.59
UK00010,9,0.0034097805,0.0400000000,0.5499695677,0.0018752755,0.0219237717,166.88,140.65,32.92,-6.69,732.89,25.65
UK00010,10,0.0037066365,0.0400000000,0.5261705205,0.0019503229,0.0209688079,159.66,146.27,32.38,-19.00,751.62,26.31
UK00010,11,0.0040336275,0.0400000000,0.5032513897,0.0020299286,0.0200488584,152.71,152.24,31.84,-31.38,758.27,26.54
UK00010,12,0.0043937985,0.0400000000,0.4811726027,0.0021141755,0.0191623371,146.01,158.56,31.29,-43.85,752.33,26.33
UK00010,13,0.0047905305,0.0400000000,0.4598960901,0.0022031462,0.0183077178,139.55,165.24,30.75,-56.43,733.28,25.66
UK00010,14,0.0052275300,0.0400000000,0.4393852261,0.0022968995,0.0174835331,133.33,172.27,30.20,-69.14,700.53,24.52
UK00010,15,0.0057088920,0.0400000000,0.4196047936,0.0023954784,0.0166883726,127.32,179.66,29.65,-81.98,653.49,22.87
UK00010,16,0.0062391000,0.0400000000,0.0000000000,0.0000000000,0.0000000000,0.00,0.00,0.00,0.00,591.51,20.70
UK00010,17,0.0068231310,0.0400000000,0.0000000000,0.0000000000,0.0000000000,0.00,0.00,0.00,0.00,0.00,0.00
UK00010,18,0.0074664450,0.0400000000,0.0000000000,0.0000000000,0.0000000000,0.00,0.00,0.00,0.00,0.00,0.00
UK00010,19,0.0081750480,0.0400000000,0.0000000000,0.0000000000,0.0000000000,0.00,0.00,0.00,0.00,0.00,0.00
UK00010,20,0.0089555865,0.0400000000,0.0000000000,0.0000000000,0.0000000000,0.00,0.00,0.00,0.00,0.00,0.00
UK00010,21,0.0098153370,0.0400000000,0.0000000000,0.0000000000,0.0000000000,0.00,0.00,0.00,0.00,0.00,0.00
UK00010,22,0.0107623530,0.0400000000,0.0000000000,0.0000000000,0.0000000000,0.00,0.00,0.00,0.00,0.00,0.00
UK00010,23,0.0118054965,0.0400000000,0.0000000000,0.0000000000,0.0000000000,0.00,0.00,0.00,0.00,0.00,0.00
UK00010,24,0.0129545220,0.0400000000,0.0000000000,0.0000000000,0.0000000000,0.00,0.00,0.00,0.00,0.00,0.00
UK00010,25,0.0142201605,0.0400000000,0.0000000000,0.0000000000,0.0000000000,0.00,0.00,0.00,0.00,0.00,0.00
UK00010,26,0.0156142770,0.0400000000,0.0000000000,0.0000000000,0.0000000000,0.00,0.00,0.00,0.00,0.00,0.00
UK00010,27,0.0171498810,0.0400000000,0.0000000000,0.0000000000,0.0000000000,0.00,0.00,0.00,0.00,0.00,0.00
UK00010,28,0.0188413575,0.0400000000,0.0000000000,0.0000000000,0.0000000000,0.00,0.00,0.00,0.00,0.00,0.00
UK00010,29,0.0207045195,0.0400000000,0.0000000000,0.0000000000,0.0000000000,0.00,0.00,0.00,0.00,0.00,0.00
UK00010,30,0.0227567865,0.0400000000,0.0000000000,0.0000000000,0.0000000000,0.00,0.00,0.00,0.00,0.00,0.00
UK00010,31,0.0250173630,0.0400000000,0.0000000000,0.0000000000,0.0000000000,0.00,0.00,0.00,0.00,0.00,0.00
UK00010,32,0.0275073960,0.0400000000,0.0000000000,0.0000000000,0.0000000000,0.00,0.00,0.00,0.00,0.00,0.00
UK00010,33,0.0302501535,0.0400000000,0.0000000000,0.0000000000,0.0000000000,0.00,0.00,0.00,0.00,0.00,0.00
UK00010,34,0.0332713080,0.0400000000,0.0000000000,0.0000000000,0.0000000000,0.00,0.00,0.00,0.00,0.00,0.00
UK00010,35,0.0365991045,0.0400000000,0.0000000000,0.0000000000,0.0000000000,0.00,0.00,0.00,0.00,0.00,0.00
UK00010,36,0.0402646755,0.0400000000,0.0000000000,0.0000000000,0.0000000000,0.00,0.00,0.00,0.00,0.00,0.00
UK00010,37,0.0443023035,0.0400000000,0.0000000000,0.0000000000,0.0000000000,0.00,0.00,0.00,0.00,0.00,0.00
UK00010,38,0.0487497570,0.0400000000,0.0000000000,0.0000000000,0.0000000000,0.00,0.00,0.00,0.00,0.00,0.00
UK00010,39,0.0536486160,0.0400000000,0.0000000000,0.0000000000,0.0000000000,0.00,0.00,0.00,0.00,0.00,0.00
UK00010,40,0.0590447130,0.0400000000,0.0000000000,0.0000000000,0.0000000000,0.00,0.00,0.00,0.00,0.00,0.00
UK00010,41,0.0649885110,0.0400000000,0.0000000000,0.0000000000,0.0000000000,0.00,0.00,0.00,0.00,0.00,0.00
UK00011,1,0.0006290340,0.1450000000,1.0000000000,0.0006290340,0.1449087901,161.52,62.90,60.00,38.62,266.45,9.33
UK00011,2,0.0006760005,0.0980000000,0.8544621759,0.0005776169,0.0836806868,138.01,57.76,52.70,27.55,315.74,11.05
UK00011,3,0.0007277340,0.0720000000,0.7702038723,0.0005605035,0.0554143225,124.40,56.05,48.84,19.52,355.30,12.44
UK00011,4,0.0007847175,0.0580000000,0.7142290462,0.0005604680,0.0413927775,115.36,56.05,46.56,12.76,387.94,13.58
UK00011,5,0.0008474865,0.0500000000,0.6722758006,0.0005697447,0.0335853028,108.59,56.97,45.05,6.56,414.73,14.52
UK00011,6,0.0009166290,0.0460000000,0.6381207532,0.0005849200,0.0293266483,103.07,58.49,43.96,0.62,436.03,15.26
UK00011,7,0.0009927855,0.0430000000,0.6082091848,0.0006038213,0.0261270306,98.24,60.38,43.07,-5.21,451.94,15.82
UK00011,8,0.0010766700,0.0410000000,0.5814783330,0.0006260603,0.0238149432,93.92,62.61,42.33,-11.01,462.36,16.18
UK00011,9,0.0011690700,0.0400000000,0.5570373295,0.0006512156,0.0222554446,89.97,65.12,41.69,-16.83,467.14,16.35
UK00011,10,0.0012708465,0.0400000000,0.5341306693,0.0006787981,0.0213380748,86.27,67.88,41.09,-22.70,466.07,16.31
UK00011,11,0.0013829550,0.0400000000,0.5121137964,0.0007082303,0.0204562226,82.72,70.82,40.50,-28.61,458.89,16.06
UK00011,12,0.0015064455,0.0400000000,0.4909493434,0.0007395884,0.0196083902,79.30,73.96,39.91,-34.57,445.35,15.59
UK00011,13,0.0016424730,0.0400000000,0.4706013648,0.0007729500,0.0187931366,76.01,77.30,39.33,-40.61,425.15,14.88
UK00011,14,0.0017922975,0.0400000000,0.4510352781,0.0008083894,0.0180090755,72.85,80.84,38.75,-46.74,397.99,13.93
UK00011,15,0.0019573365,0.0400000000,0.4322178132,0.0008459957,0.0172548727,69.81,84.60,38.17,-52.96,363.55,12.72
UK00011,16,0.0021391230,0.0400000000,0.0000000000,0.0000000000,0.0000000000,0.00,0.00,0.00,0.00,321.46,11.25
UK00011,17,0.0023393580,0.0400000000,0.0000000000,0.0000000000,0.0000000000,0.00,0.00,0.00,0.00,0.00,0.00
UK00011,18,0.0025599210,0.0400000000,0.0000000000,0.0000000000,0.0000000000,0.00,0.00,0.00,0.00,0.00,0.00
UK00011,19,0.0028028700,0.0400000000,0.0000000000,0.0000000000,0.0000000000,0.00,0.00,0.00,0.00,0.00,0.00
UK00011,20,0.0030704835,0.0400000000,0.0000000000,0.0000000000,0.0000000000,0.00,0.00,0.00,0.00,0.00,0.00
UK00011,21,0.0033652605,0.0400000000,0.0000000000,0.0000000000,0.0000000000,0.00,0.00,0.00,0.00,0.00,0.00
UK00011,22,0.0036899520,0.0400000000,0.0000000000,0.0000000000,0.0000000000,0.00,0.00,0.00,0.00,0.00,0.00
UK00011,23,0.0040476030,0.0400000000,0.0000000000,0.0000000000,0.0000000000,0.00,0.00,0.00,0.00,0.00,0.00
UK00011,24,0.0044415525,0.0400000000,0.0000000000,0.0000000000,0.0000000000,0.00,0.00,0.00,0.00,0.00,0.00
UK00011,25,0.0048754860,0.0400000000,0.0000000000,0.0000000000,0.0000000000,0.00,0.00,0.00,0.00,0.00,0.00
UK00011,26,0.0053534670,0.0400000000,0.0000000000,0.0000000000,0.0000000000,0.00,0.00,0.00,0.00,0.00,0.00
UK00011,27,0.0058799580,0.0400000000,0.0000000000,0.0000000000,0.0000000000,0.00,0.00,0.00,0.00,0.00,0.00
UK00011,28,0.0064598940,0.0400000000,0.0000000000,0.0000000000,0.0000000000,0.00,0.00,0.00,0.00,0.00,0.00
UK00011,29,0.0070986930,0.0400000000,0.0000000000,0.0000000000,0.0000000000,0.00,0.00,0.00,0.00,0.00,0.00
UK00011,30,0.0078023295,0.0400000000,0.0000000000,0.0000000000,0.0000000000,0.00,0.00,0.00,0.00,0.00,0.00
UK00011,31,0.0085773870,0.0400000000,0.0000000000,0.0000000000,0.0000000000,0.00,0.00,0.00,0.00,0.00,0.00
UK00011,32,0.0094311105,0.0400000000,0.0000000000,0.0000000000,0.0000000000,0.00,0.00,0.00,0.00,0.00,0.00
UK00011,33,0.0103714800,0.0400000000,0.0000000000,0.0000000000,0.0000000000,0.00,0.00,0.00,0.00,0.00,0.00
UK00011,34,0.0114073050,0.0400000000,0.0000000000,0.0000000000,0.0000000000,0.00,0.00,0.00,0.00,0.00,0.00
UK00011,35,0.0125482665,0.0400000000,0.0000000000,0.0000000000,0.0000000000,0.00,0.00,0.00,0.00,0.00,0.00
UK00011,36,0.0138050325,0.0400000000,0.0000000000,0.0000000000,0.0000000000,0.00,0.00,0.00,0.00,0.00,0.00
UK00011,37,0.0151893630,0.0400000000,0.0000000000,0.0000000000,0.0000000000,0.00,0.00,0.00,0.00,0.00,0.00
UK00011,38,0.0167142045,0.0400000000,0.0000000000,0.0000000000,0.0000000000,0.00,0.00,0.00,0.00,0.00,0.00
UK00011,39,0.0183938160,0.0400000000,0.0000000000,0.0000000000,0.0000000000,0.00,0.00,0.00,0.00,0.00,0.00
UK00011,40,0.0202439055,0.0400000000,0.0000000000,0.0000000000,0.0000000000,0.00,0.00,0.00,0.00,0.00,0.00
UK00011,41,0.0222817770,0.0400000000,0.0000000000,0.0000000000,0.0000000000,0.00,0.00,0.00,0.00,0.00,0.00
UK00012,1,0.0013209735,0.1450000000,1.0000000000,0.0013209735,0.1448084588,355.73,165.12,40.80,149.81,86.28,3.02
UK00012,2,0.0014196105,0.0980000000,0.8538705677,0.0012121636,0.0835605236,303.75,151.52,35.81,116.41,244.35,8.55
UK00012,3,0.0015282435,0.0720000000,0.7690978804,0.0011753688,0.0552904208,273.59,146.92,33.16,93.51,373.39,13.07
UK00012,4,0.0016479120,0.0580000000,0.7126320908,0.0011743550,0.0412645487,253.50,146.79,31.59,75.12,483.24,16.91
UK00012,5,0.0017797185,0.0500000000,0.6701931871,0.0011927552,0.0334500216,238.41,149.09,30.54,58.78,577.91,20.23
UK00012,6,0.0019249125,0.0460000000,0.6355504103,0.0012233789,0.0291790434,226.08,152.92,29.77,43.39,658.97,23.06
UK00012,7,0.0020848380,0.0430000000,0.6051479879,0.0012616355,0.0259671132,215.27,157.70,29.14,28.43,726.94,25.44
UK00012,8,0.0022610070,0.0410000000,0.5779192393,0.0013066794,0.0236411150,205.58,163.33,28.61,13.64,781.80,27.36
UK00012,9,0.0024550470,0.0400000000,0.5529714449,0.0013575709,0.0220645550,196.71,169.70,28.14,-1.13,823.29,28.82
UK00012,10,0.0026687745,0.0400000000,0.5295493190,0.0014132477,0.0211254429,188.38,176.66,27.70,-15.98,850.94,29.78
UK00012,11,0.0029042055,0.0400000000,0.5070106284,0.0014724631,0.0202215266,180.36,184.06,27.27,-30.96,864.18,30.25
UK00012,12,0.0031635345,0.0400000000,0.4853166388,0.0015353159,0.0193512529,172.64,191.91,26.83,-46.10,862.38,30.18
UK00012,13,0.0034491870,0.0400000000,0.4644300699,0.0016019062,0.0185131266,165.21,200.24,26.39,-61.42,844.84,29.57
UK00012,14,0.0037638195,0.0400000000,0.4443150372,0.0016723216,0.0177057086,158.06,209.04,25.96,-76.94,810.84,28.38
UK00012,15,0.0041104035,0.0400000000,0.4249370070,0.0017466626,0.0169276138,151.16,218.33,25.52,-92.69,759.59,26.59
UK00012,16,0.0044921520,0.0400000000,0.0000000000,0.0000000000,0.0000000000,0.00,0.00,0.00,0.00,690.24,24.16
UK00012,17,0.0049126560,0.0400000000,0.0000000000,0.0000000000,0.0000000000,0.00,0.00,0.00,0.00,0.00,0.00
UK00012,18,0.0053758425,0.0400000000,0.0000000000,0.0000000000,0.0000000000,0.00,0.00,0.00,0.00,0.00,0.00
UK00012,19,0.0058860375,0.0400000000,0.0000000000,0.0000000000,0.0000000000,0.00,0.00,0.00,0.00,0.00,0.00
UK00012,20,0.0064480185,0.0400000000,0.0000000000,0.0000000000,0.0000000000,0.00,0.00,0.00,0.00,0.00,0.00
UK00012,21,0.0070670460,0.0400000000,0.0000000000,0.0000000000,0.0000000000,0.00,0.00,0.00,0.00,0.00,0.00
UK00012,22,0.0077488950,0.0400000000,0.0000000000,0.0000000000,0.0000000000,0.00,0.00,0.00,0.00,0.00,0.00
UK00012,23,0.0084999600,0.0400000000,0.0000000000,0.0000000000,0.0000000000,0.00,0.00,0.00,0.00,0.00,0.00
UK00012,24,0.0093272550,0.0400000000,0.0000000000,0.0000000000,0.0000000000,0.00,0.00,0.00,0.00,0.00,0.00
UK00012,25,0.0102385185,0.0400000000,0.0000000000,0.0000000000,0.0000000000,0.00,0.00,0.00,0.00,0.00,0.00
UK00012,26,0.0112422765,0.0400000000,0.0000000000,0.0000000000,0.0000000000,0.00,0.00,0.00,0.00,0.00,0.00
UK00012,27,0.0123479160,0.0400000000,0.0000000000,0.0000000000,0.0000000000,0.00,0.00,0.00,0.00,0.00,0.00
UK00012,28,0.0135657795,0.0400000000,0.0000000000,0.0000000000,0.0000000000,0.00,0.00,0.00,0.00,0.00,0.00
UK00012,29,0.0149072595,0.0400000000,0.0000000000,0.0000000000,0.0000000000,0.00,0.00,0.00,0.00,0.00,0.00
UK00012,30,0.0163848930,0.0400000000,0.0000000000,0.0000000000,0.0000000000,0.00,0.00,0.00,0.00,0.00,0.00
UK00012,31,0.0180125085,0.0400000000,0.0000000000,0.0000000000,0.0000000000,0.00,0.00,0.00,0.00,0.00,0.00
UK00012,32,0.0198053205,0.0400000000,0.0000000000,0.0000000000,0.0000000000,0.00,0.00,0.00,0.00,0.00,0.00
UK00012,33,0.0217801080,0.0400000000,0.0000000000,0.0000000000,0.0000000000,0.00,0.00,0.00,0.00,0.00,0.00
UK00012,34,0.0239553405,0.0400000000,0.0000000000,0.0000000000,0.0000000000,0.00,0.00,0.00,0.00,0.00,0.00
UK00012,35,0.0263513565,0.0400000000,0.0000000000,0.0000000000,0.0000000000,0.00,0.00,0.00,0.00,0.00,0.00
UK00012,36,0.0289905735,0.0400000000,0.0000000000,0.0000000000,0.0000000000,0.00,0.00,0.00,0.00,0.00,0.00
UK00012,37,0.0318976665,0.0400000000,0.0000000000,0.0000000000,0.0000000000,0.00,0.00,0.00,0.00,0.00,0.00
UK00012,38,0.0350998200,0.0400000000,0.0000000000,0.0000000000,0.0000000000,0.00,0.00,0.00,0.00,0.00,0.00
UK00012,39,0.0386270010,0.0400000000,0.0000000000,0.0000000000,0.0000000000,0.00,0.00,0.00,0.00,0.00,0.00
UK00012,40,0.0425121900,0.0400000000,0.0000000000,0.0000000000,0.0000000000,0.00,0.00,0.00,0.00,0.00,0.00
UK00012,41,0.0467917275,0.0400000000,0.0000000000,0.0000000000,0.0000000000,0.00,0.00,0.00,0.00,0.00,0.00
UK00013,1,0.0019207755,0.1450000000,1.0000000000,0.0019207755,0.1447214876,224.47,96.04,48.00,80.43,66.10,2.31
UK00013,2,0.0020922825,0.0980000000,0.8533577369,0.0017854655,0.0834540826,191.55,89.27,42.11,60.17,151.66,5.31
UK00013,3,0.0022812090,0.0720000000,0.7681181889,0.0017522381,0.0551783485,172.42,87.61,38.96,45.84,219.24,7.67
UK00013,4,0.0024892980,0.0580000000,0.7111876023,0.0017703579,0.0411462002,159.64,88.52,37.09,34.04,274.36,9.60
UK00013,5,0.0027185235,0.0500000000,0.6682710442,0.0018167105,0.0333227167,150.01,90.84,35.82,23.35,319.20,11.17
UK00013,6,0.0029710065,0.0460000000,0.6331316170,0.0018810381,0.0290375266,142.12,94.05,34.89,13.18,354.53,12.41
UK00013,7,0.0032491095,0.0430000000,0.6022130522,0.0019566561,0.0258110250,135.18,97.83,34.12,3.23,380.58,13.32
UK00013,8,0.0035554470,0.0410000000,0.5744453711,0.0020424101,0.0234685214,128.95,102.12,33.45,-6.63,397.24,13.90
UK00013,9,0.0038928855,0.0400000000,0.5489344396,0.0021369389,0.0218719000,123.22,106.85,32.86,-16.49,404.29,14.15
UK00013,10,0.0042645645,0.0400000000,0.5249256006,0.0022385791,0.0209074809,117.83,111.93,32.31,-26.40,401.37,14.05
UK00013,11,0.0046739700,0.0400000000,0.0000000000,0.0000000000,0.0000000000,0.00,0.00,0.00,0.00,388.09,13.58
UK00013,12,0.0051249345,0.0400000000,0.0000000000,0.0000000000,0.0000000000,0.00,0.00,0.00,0.00,0.00,0.00
UK00013,13,0.0056216685,0.0400000000,0.0000000000,0.0000000000,0.0000000000,0.00,0.00,0.00,0.00,0.00,0.00
UK00013,14,0.0061688130,0.0400000000,0.0000000000,0.0000000000,0.0000000000,0.00,0.00,0.00,0.00,0.00,0.00
UK00013,15,0.0067715025,0.0400000000,0.0000000000,0.0000000000,0.0000000000,0.00,0.00,0.00,0.00,0.00,0.00
UK00013,16,0.0074353650,0.0400000000,0.0000000000,0.0000000000,0.0000000000,0.00,0.00,0.00,0.00,0.00,0.00
UK00013,17,0.0081666165,0.0400000000,0.0000000000,0.0000000000,0.0000000000,0.00,0.00,0.00,0.00,0.00,0.00
UK00013,18,0.0089720715,0.0400000000,0.0000000000,0.0000000000,0.0000000000,0.00,0.00,0.00,0.00,0.00,0.00
UK00013,19,0.0098592900,0.0400000000,0.0000000000,0.0000000000,0.0000000000,0.00,0.00,0.00,0.00,0.00,0.00
UK00013,20,0.0108365670,0.0400000000,0.0000000000,0.0000000000,0.0000000000,0.00,0.00,0.00,0.00,0.00,0.00
UK00013,21,0.0119130270,0.0400000000,0.0000000000,0.0000000000,0.0000000000,0.00,0.00,0.00,0.00,0.00,0.00
UK00013,22,0.0130987605,0.0400000000,0.0000000000,0.0000000000,0.0000000000,0.00,0.00,0.00,0.00,0.00,0.00
UK00013,23,0.0144048345,0.0400000000,0.0000000000,0.0000000000,0.0000000000,0.00,0.00,0.00,0.00,0.00,0.00
UK00013,24,0.0158434815,0.0400000000,0.0000000000,0.0000000000,0.0000000000,0.00,0.00,0.00,0.00,0.00,0.00
UK00013,25,0.0174281520,0.0400000000,0.0000000000,0.0000000000,0.0000000000,0.00,0.00,0.00,0.00,0.00,0.00
UK00013,26,0.0191736615,0.0400000000,0.0000000000,0.0000000000,0.0000000000,0.00,0.00,0.00,0.00,0.00,0.00
UK00013,27,0.0210963375,0.0400000000,0.0000000000,0.0000000000,0.0000000000,0.00,0.00,0.00,0.00,0.00,0.00
UK00013,28,0.0232141665,0.0400000000,0.0000000000,0.0000000000,0.0000000000,0.00,0.00,0.00,0.00,0.00,0.00
UK00013,29,0.0255469620,0.0400000000,0.0000000000,0.0000000000,0.0000000000,0.00,0.00,0.00,0.00,0.00,0.00
UK00013,30,0.0281165325,0.0400000000,0.0000000000,0.0000000000,0.0000000000,0.00,0.00,0.00,0.00,0.00,0.00
UK00013,31,0.0309469125,0.0400000000,0.0000000000,0.0000000000,0.0000000000,0.00,0.00,0.00,0.00,0.00,0.00
UK00013,32,0.0340645725,0.0400000000,0.0000000000,0.0000000000,0.0000000000,0.00,0.00,0.00,0.00,0.00,0.00
UK00013,33,0.0374986815,0.0400000000,0.0000000000,0.0000000000,0.0000000000,0.00,0.00,0.00,0.00,0.00,0.00
UK00013,34,0.0412813590,0.0400000000,0.0000000000,0.0000000000,0.0000000000,0.00,0.00,0.00,0.00,0.00,0.00
UK00013,35,0.0454479690,0.0400000000,0.0000000000,0.0000000000,0.0000000000,0.00,0.00,0.00,0.00,0.00,0.00
UK00013,36,0.0500374875,0.0400000000,0.0000000000,0.0000000000,0.0000000000,0.00,0.00,0.00,0.00,0.00,0.00
UK00013,37,0.0550928490,0.0400000000,0.0000000000,0.0000000000,0.0000000000,0.00,0.00,0.00,0.00,0.00,0.00
UK00013,38,0.0606613245,0.0400000000,0.0000000000,0.0000000000,0.0000000000,0.00,0.00,0.00,0.00,0.00,0.00
UK00013,39,0.0667950045,0.0400000000,0.0000000000,0.0000000000,0.0000000000,0.00,0.00,0.00,0.00,0.00,0.00
UK00013,40,0.0735512505,0.0400000000,0.0000000000,0.0000000000,0.0000000000,0.00,0.00,0.00,0.00,0.00,0.00
UK00013,41,0.0809932515,0.0400000000,0.0000000000,0.0000000000,0.0000000000,0.00,0.00,0.00,0.00,0.00,0.00
UK00014,1,0.0040336275,0.1450000000,1.0000000000,0.0040336275,0.1444151240,616.79,302.52,60.00,254.27,22.43,0.79
UK00014,2,0.0043937985,0.0980000000,0.8515512485,0.0037415446,0.0830853510,525.23,280.62,52.52,192.09,286.38,10.02
UK00014,3,0.0047905305,0.0720000000,0.7647243529,0.0036634353,0.0547963861,471.67,274.76,48.49,148.43,495.22,17.33
UK00014,4,0.0052275300,0.0580000000,0.7062645315,0.0036920190,0.0407492057,435.62,276.90,46.04,112.68,666.17,23.32
UK00014,5,0.0057088920,0.0500000000,0.6618233068,0.0037782778,0.0329022514,408.21,283.37,44.35,80.49,806.11,28.21
UK00014,6,0.0062391000,0.0460000000,0.6251427775,0.0039003283,0.0285771527,385.58,292.52,43.06,50.00,917.63,32.12
UK00014,7,0.0068231310,0.0430000000,0.5926652966,0.0040438330,0.0253107229,365.55,303.29,41.97,20.29,1001.49,35.05
UK00014,8,0.0074664450,0.0410000000,0.5633107407,0.0042059287,0.0229232973,347.44,315.44,41.01,-9.01,1057.55,37.01
UK00014,9,0.0081750480,0.0400000000,0.5361815147,0.0043833096,0.0212719282,330.71,328.75,40.12,-38.16,1085.24,37.98
UK00014,10,0.0089555865,0.0400000000,0.5105262769,0.0045720622,0.0202381686,314.89,342.90,39.27,-67.29,1083.73,37.93
UK00014,11,0.0098153370,0.0400000000,0.0000000000,0.0000000000,0.0000000000,0.00,0.00,0.00,0.00,1052.01,36.82
UK00014,12,0.0107623530,0.0400000000,0.0000000000,0.0000000000,0.0000000000,0.00,0.00,0.00,0.00,0.00,0.00
UK00014,13,0.0118054965,0.0400000000,0.0000000000,0.0000000000,0.0000000000,0.00,0.00,0.00,0.00,0.00,0.00
UK00014,14,0.0129545220,0.0400000000,0.0000000000,0.0000000000,0.0000000000,0.00,0.00,0.00,0.00,0.00,0.00
UK00014,15,0.0142201605,0.0400000000,0.0000000000,0.0000000000,0.0000000000,0.00,0.00,0.00,0.00,0.00,0.00
UK00014,16,0.0156142770,0.0400000000,0.0000000000,0.0000000000,0.0000000000,0.00,0.00,0.00,0.00,0.00,0.00
UK00014,17,0.0171498810,0.0400000000,0.0000000000,0.0000000000,0.0000000000,0.00,0.00,0.00,0.00,0.00,0.00
UK00014,18,0.0188413575,0.0400000000,0.0000000000,0.0000000000,0.0000000000,0.00,0.00,0.00,0.00,0.00,0.00
UK00014,19,0.0207045195,0.0400000000,0.0000000000,0.0000000000,0.0000000000,0.00,0.00,0.00,0.00,0.00,0.00
UK00014,20,0.0227567865,0.0400000000,0.0000000000,0.0000000000,0.0000000000,0.00,0.00,0.00,0.00,0.00,0.00
UK00014,21,0.0250173630,0.0400000000,0.0000000000,0.0000000000,0.0000000000,0.00,0.00,0.00,0.00,0.00,0.00
UK00014,22,0.0275073960,0.0400000000,0.0000000000,0.0000000000,0.0000000000,0.00,0.00,0.00,0.00,0.00,0.00
UK00014,23,0.0302501535,0.0400000000,0.0000000000,0.0000000000,0.0000000000,0.00,0.00,0.00,0.00,0.00,0.00
UK00014,24,0.0332713080,0.0400000000,0.0000000000,0.0000000000,0.0000000000,0.00,0.00,0.00,0.00,0.00,0.00
UK00014,25,0.0365991045,0.0400000000,0.0000000000,0.0000000000,0.0000000000,0.00,0.00,0.00,0.00,0.00,0.00
UK00014,26,0.0402646755,0.0400000000,0.0000000000,0.0000000000,0.0000000000,0.00,0.00,0.00,0.00,0.00,0.00
UK00014,27,0.0443023035,0.0400000000,0.0000000000,0.0000000000,0.0000000000,0.00,0.00,0.00,0.00,0.00,0.00
UK00014,28,0.0487497570,0.0400000000,0.0000000000,0.0000000000,0.0000000000,0.00,0.00,0.00,0.00,0.00,0.00
UK00014,29,0.0536486160,0.0400000000,0.0000000000,0.0000000000,0.0000000000,0.00,0.00,0.00,0.00,0.00,0.00
UK00014,30,0.0590447130,0.0400000000,0.0000000000,0.0000000000,0.0000000000,0.00,0.00,0.00,0.00,0.00,0.00
UK00014,31,0.0649885110,0.0400000000,0.0000000000,0.0000000000,0.0000000000,0.00,0.00,0.00,0.00,0.00,0.00
UK00014,32,0.0715356075,0.0400000000,0.0000000000,0.0000000000,0.0000000000,0.00,0.00,0.00,0.00,0.00,0.00
UK00014,33,0.0787472385,0.0400000000,0.0000000000,0.0000000000,0.0000000000,0.00,0.00,0.00,0.00,0.00,0.00
UK00014,34,0.0866908455,0.0400000000,0.0000000000,0.0000000000,0.0000000000,0.00,0.00,0.00,0.00,0.00,0.00
UK00014,35,0.0954407265,0.0400000000,0.0000000000,0.0000000000,0.0000000000,0.00,0.00,0.00,0.00,0.00,0.00
UK00014,36,0.1050787290,0.0400000000,0.0000000000,0.0000000000,0.0000000000,0.00,0.00,0.00,0.00,0.00,0.00
UK00014,37,0.1156949745,0.0400000000,0.0000000000,0.0000000000,0.0000000000,0.00,0.00,0.00,0.00,0.00,0.00
UK00014,38,0.1273887825,0.0400000000,0.0000000000,0.0000000000,0.0000000000,0.00,0.00,0.00,0.00,0.00,0.00
UK00014,39,0.1402695000,0.0400000000,0.0000000000,0.0000000000,0.0000000000,0.00,0.00,0.00,0.00,0.00,0.00
UK00014,40,0.1544576250,0.0400000000,0.0000000000,0.0000000000,0.0000000000,0.00,0.00,0.00,0.00,0.00,0.00
UK00014,41,0.1700858355,0.0400000000,0.0000000000,0.0000000000,0.0000000000,0.00,0.00,0.00,0.00,0.00,0.00
UK00015,1,0.0013829550,0.1450000000,1.0000000000,0.0013829550,0.1447994715,304.76,138.30,40.80,125.66,-8.34,-0.29
UK00015,2,0.0015064455,0.0980000000,0.8538175735,0.0012862296,0.0835480717,260.21,128.62,35.81,95.78,121.44,4.25
UK00015,3,0.0016424730,0.0720000000,0.7689832721,0.0012630343,0.0552758571,234.36,126.30,33.16,74.90,224.81,7.87
UK00015,4,0.0017922975,0.0580000000,0.7124443807,0.0012769123,0.0412477132,217.12,127.69,31.58,57.85,310.20,10.86
UK00015,5,0.0019573365,0.0500000000,0.6699197553,0.0013112584,0.0334304248,204.16,131.13,30.52,42.51,380.94,13.33
UK00015,6,0.0021391230,0.0460000000,0.6351780721,0.0013587240,0.0291556900,193.58,135.87,29.75,27.95,438.27,15.34
UK00015,7,0.0023393580,0.0430000000,0.6046636580,0.0014145248,0.0259397127,184.28,141.45,29.12,13.71,482.54,16.89
UK00015,8,0.0025599210,0.0410000000,0.5773094205,0.0014778665,0.0236090937,175.94,147.79,28.58,-0.42,513.62,17.98
UK00015,9,0.0028028700,0.0400000000,0.5522224603,0.0015478078,0.0220269861,168.30,154.78,28.10,-14.59,531.16,18.59
UK00015,10,0.0030704835,0.0400000000,0.5286476664,0.0016232039,0.0210809785,161.11,162.32,27.65,-28.86,534.65,18.71
UK00015,11,0.0033652605,0.0400000000,0.0000000000,0.0000000000,0.0000000000,0.00,0.00,0.00,0.00,523.49,18.32
UK00015,12,0.0036899520,0.0400000000,0.0000000000,0.0000000000,0.0000000000,0.00,0.00,0.00,0.00,0.00,0.00
UK00015,13,0.0040476030,0.0400000000,0.0000000000,0.0000000000,0.0000000000,0.00,0.00,0.00,0.00,0.00,0.00
UK00015,14,0.0044415525,0.0400000000,0.0000000000,0.0000000000,0.0000000000,0.00,0.00,0.00,0.00,0.00,0.00
UK00015,15,0.0048754860,0.0400000000,0.0000000000,0.0000000000,0.0000000000,0.00,0.00,0.00,0.00,0.00,0.00
UK00015,16,0.0053534670,0.0400000000,0.0000000000,0.0000000000,0.0000000000,0.00,0.00,0.00,0.00,0.00,0.00
UK00015,17,0.0058799580,0.0400000000,0.0000000000,0.0000000000,0.0000000000,0.00,0.00,0.00,0.00,0.00,0.00
UK00015,18,0.0064598940,0.0400000000,0.0000000000,0.0000000000,0.0000000000,0.00,0.00,0.00,0.00,0.00,0.00
UK00015,19,0.0070986930,0.0400000000,0.0000000000,0.0000000000,0.0000000000,0.00,0.00,0.00,0.00,0.00,0.00
UK00015,20,0.0078023295,0.0400000000,0.0000000000,0.0000000000,0.0000000000,0.00,0.00,0.00,0.00,0.00,0.00
UK00015,21,0.0085773870,0.0400000000,0.0000000000,0.0000000000,0.0000000000,0.00,0.00,0.00,0.00,0.00,0.00
UK00015,22,0.0094311105,0.0400000000,0.0000000000,0.0000000000,0.0000000000,0.00,0.00,0.00,0.00,0.00,0.00
UK00015,23,0.0103714800,0.0400000000,0.0000000000,0.0000000000,0.0000000000,0.00,0.00,0.00,0.00,0.00,0.00
UK00015,24,0.0114073050,0.0400000000,0.0000000000,0.0000000000,0.0000000000,0.00,0.00,0.00,0.00,0.00,0.00
UK00015,25,0.0125482665,0.0400000000,0.0000000000,0.0000000000,0.0000000000,0.00,0.00,0.00,0.00,0.00,0.00
UK00015,26,0.0138050325,0.0400000000,0.0000000000,0.0000000000,0.0000000000,0.00,0.00,0.00,0.00,0.00,0.00
UK00015,27,0.0151893630,0.0400000000,0.0000000000,0.0000000000,0.0000000000,0.00,0.00,0.00,0.00,0.00,0.00
UK00015,28,0.0167142045,0.0400000000,0.0000000000,0.0000000000,0.0000000000,0.00,0.00,0.00,0.00,0.00,0.00
UK00015,29,0.0183938160,0.0400000000,0.0000000000,0.0000000000,0.0000000000,0.00,0.00,0.00,0.00,0.00,0.00
UK00015,30,0.0202439055,0.0400000000,0.0000000000,0.0000000000,0.0000000000,0.00,0.00,0.00,0.00,0.00,0.00
UK00015,31,0.0222817770,0.0400000000,0.0000000000,0.0000000000,0.0000000000,0.00,0.00,0.00,0.00,0.00,0.00
UK00015,32,0.0245264985,0.0400000000,0.0000000000,0.0000000000,0.0000000000,0.00,0.00,0.00,0.00,0.00,0.00
UK00015,33,0.0269990490,0.0400000000,0.0000000000,0.0000000000,0.0000000000,0.00,0.00,0.00,0.00,0.00,0.00
UK00015,34,0.0297225705,0.0400000000,0.0000000000,0.0000000000,0.0000000000,0.00,0.00,0.00,0.00,0.00,0.00
UK00015,35,0.0327225360,0.0400000000,0.0000000000,0.0000000000,0.0000000000,0.00,0.00,0.00,0.00,0.00,0.00
UK00015,36,0.0360269910,0.0400000000,0.0000000000,0.0000000000,0.0000000000,0.00,0.00,0.00,0.00,0.00,0.00
UK00015,37,0.0396668475,0.0400000000,0.0000000000,0.0000000000,0.0000000000,0.00,0.00,0.00,0.00,0.00,0.00
UK00015,38,0.0436761570,0.0400000000,0.0000000000,0.0000000000,0.0000000000,0.00,0.00,0.00,0.00,0.00,0.00
UK00015,39,0.0480924045,0.0400000000,0.0000000000,0.0000000000,0.0000000000,0.00,0.00,0.00,0.00,0.00,0.00
UK00015,40,0.0529568970,0.0400000000,0.0000000000,0.0000000000,0.0000000000,0.00,0.00,0.00,0.00,0.00,0.00
UK00015,41,0.0583151415,0.0400000000,0.0000000000,0.0000000000,0.0000000000,0.00,0.00,0.00,0.00,0.00,0.00
UK00016,1,0.0029042055,0.1450000000,1.0000000000,0.0029042055,0.1445788902,731.75,363.03,48.00,320.72,-95.34,-3.34
UK00016,2,0.0031635345,0.0980000000,0.8525169043,0.0026969666,0.0832823539,623.83,337.12,42.07,244.64,233.27,8.16
UK00016,3,0.0034491870,0.0720000000,0.7665375838,0.0026439315,0.0550003430,560.91,330.49,38.88,191.54,494.64,17.31
UK00016,4,0.0037638195,0.0580000000,0.7088933093,0.0026681465,0.0409610594,518.73,333.52,36.97,148.25,710.20,24.86
UK00016,5,0.0041104035,0.0500000000,0.6652641034,0.0027345039,0.0331264800,486.81,341.81,35.66,109.33,888.49,31.10
UK00016,6,0.0044921520,0.0460000000,0.6294031196,0.0028273745,0.0288224843,460.57,353.42,34.68,72.46,1032.74,36.15
UK00016,7,0.0049126560,0.0430000000,0.5977532608,0.0029365561,0.0255771183,437.41,367.07,33.86,36.47,1143.89,40.04
UK00016,8,0.0053758425,0.0410000000,0.5692395864,0.0030601424,0.0232133572,416.54,382.52,33.15,0.87,1221.67,42.76
UK00016,9,0.0058860375,0.0400000000,0.5429660868,0.0031959187,0.0215908067,397.32,399.49,32.51,-34.68,1265.33,44.29
UK00016,10,0.0064480185,0.0400000000,0.5181793613,0.0033412301,0.0205935252,379.18,417.65,31.89,-70.37,1273.73,44.58
UK00016,11,0.0070670460,0.0400000000,0.0000000000,0.0000000000,0.0000000000,0.00,0.00,0.00,0.00,1245.48,43.59
UK00016,12,0.0077488950,0.0400000000,0.0000000000,0.0000000000,0.0000000000,0.00,0.00,0.00,0.00,0.00,0.00
UK00016,13,0.0084999600,0.0400000000,0.0000000000,0.0000000000,0.0000000000,0.00,0.00,0.00,0.00,0.00,0.00
UK00016,14,0.0093272550,0.0400000000,0.0000000000,0.0000000000,0.0000000000,0.00,0.00,0.00,0.00,0.00,0.00
UK00016,15,0.0102385185,0.0400000000,0.0000000000,0.0000000000,0.0000000000,0.00,0.00,0.00,0.00,0.00,0.00
UK00016,16,0.0112422765,0.0400000000,0.0000000000,0.0000000000,0.0000000000,0.00,0.00,0.00,0.00,0.00,0.00
UK00016,17,0.0123479160,0.0400000000,0.0000000000,0.0000000000,0.0000000000,0.00,0.00,0.00,0.00,0.00,0.00
UK00016,18,0.0135657795,0.0400000000,0.0000000000,0.0000000000,0.0000000000,0.00,0.00,0.00,0.00,0.00,0.00
UK00016,19,0.0149072595,0.0400000000,0.0000000000,0.0000000000,0.0000000000,0.00,0.00,0.00,0.00,0.00,0.00
UK00016,20,0.0163848930,0.0400000000,0.0000000000,0.0000000000,0.0000000000,0.00,0.00,0.00,0.00,0.00,0.00
UK00016,21,0.0180125085,0.0400000000,0.0000000000,0.0000000000,0.0000000000,0.00,0.00,0.00,0.00,0.00,0.00
UK00016,22,0.0198053205,0.0400000000,0.0000000000,0.0000000000,0.0000000000,0.00,0.00,0.00,0.00,0.00,0.00
UK00016,23,0.0217801080,0.0400000000,0.0000000000,0.0000000000,0.0000000000,0.00,0.00,0.00,0.00,0.00,0.00
UK00016,24,0.0239553405,0.0400000000,0.0000000000,0.0000000000,0.0000000000,0.00,0.00,0.00,0.00,0.00,0.00
UK00016,25,0.0263513565,0.0400000000,0.0000000000,0.0000000000,0.0000000000,0.00,0.00,0.00,0.00,0.00,0.00
UK00016,26,0.0289905735,0.0400000000,0.0000000000,0.0000000000,0.0000000000,0.00,0.00,0.00,0.00,0.00,0.00
UK00016,27,0.0318976665,0.0400000000,0.0000000000,0.0000000000,0.0000000000,0.00,0.00,0.00,0.00,0.00,0.00
UK00016,28,0.0350998200,0.0400000000,0.0000000000,0.0000000000,0.0000000000,0.00,0.00,0.00,0.00,0.00,0.00
UK00016,29,0.0386270010,0.0400000000,0.0000000000,0.0000000000,0.0000000000,0.00,0.00,0.00,0.00,0.00,0.00
UK00016,30,0.0425121900,0.0400000000,0.0000000000,0.0000000000,0.0000000000,0.00,0.00,0.00,0.00,0.00,0.00
UK00016,31,0.0467917275,0.0400000000,0.0000000000,0.0000000000,0.0000000000,0.00,0.00,0.00,0.00,0.00,0.00
UK00016,32,0.0515056395,0.0400000000,0.0000000000,0.0000000000,0.0000000000,0.00,0.00,0.00,0.00,0.00,0.00
UK00016,33,0.0566980155,0.0400000000,0.0000000000,0.0000000000,0.0000000000,0.00,0.00,0.00,0.00,0.00,0.00
UK00016,34,0.0624174075,0.0400000000,0.0000000000,0.0000000000,0.0000000000,0.00,0.00,0.00,0.00,0.00,0.00
UK00016,35,0.0687173235,0.0400000000,0.0000000000,0.0000000000,0.0000000000,0.00,0.00,0.00,0.00,0.00,0.00
UK00016,36,0.0756566790,0.0400000000,0.0000000000,0.0000000000,0.0000000000,0.00,0.00,0.00,0.00,0.00,0.00
UK00016,37,0.0833003850,0.0400000000,0.0000000000,0.0000000000,0.0000000000,0.00,0.00,0.00,0.00,0.00,0.00
UK00016,38,0.0917199255,0.0400000000,0.0000000000,0.0000000000,0.0000000000,0.00,0.00,0.00,0.00,0.00,0.00
UK00016,39,0.1009940400,0.0400000000,0.0000000000,0.0000000000,0.0000000000,0.00,0.00,0.00,0.00,0.00,0.00
UK00016,40,0.1112094900,0.0400000000,0.0000000000,0.0000000000,0.0000000000,0.00,0.00,0.00,0.00,0.00,0.00
UK00016,41,0.1224617940,0.0400000000,0.0000000000,0.0000000000,0.0000000000,0.00,0.00,0.00,0.00,0.00,0.00
